<html>
<body>
<pre>
<h1>µVision Build Log</h1>
<h2>Tool Versions:</h2>
IDE-Version: µVision V5.17.0.0
Copyright (C) 2015 ARM Ltd and ARM Germany GmbH. All rights reserved.
License Information: Raghava Cheallari, personal, LIC=C3C9U-ST3B4-0F3IQ-NAD0J-R47U7-TRSRG
 
Tool Versions:
Toolchain:       DB-ARM Debugger  Version: 5.17
Toolchain Path:  C:\Keil_v5\ARM\ARMCC\Bin
C Compiler:      Armcc.exe V5.06 update 1 (build 61)
Assembler:       Armasm.exe V5.06 update 1 (build 61)
Linker/Locator:  ArmLink.exe V5.06 update 1 (build 61)
Library Manager: ArmAr.exe V5.06 update 1 (build 61)
Hex Converter:   FromElf.exe V5.06 update 1 (build 61)
CPU DLL:         SARMCM3.DLL V5.17
Dialog DLL:      DARMP1.DLL V1.25.0.0
Target DLL:      UL2CM3.DLL V1.156.1.0
Dialog DLL:      TARMP1.DLL V1.24.0.0
 
<h2>Project:</h2>
D:\ISM_ARM\Project\Bord_2_S.uvproj
Project File Date:  03/28/2017

<h2>Output:</h2>
*** Using Compiler 'V5.06 update 1 (build 61)', folder: 'C:\Keil_v5\ARM\ARMCC\Bin'
Rebuild Project 'Bord_2_S' - Target 'Target 1'
assembling startup_LPC17xx.s...
compiling system_LPC17xx.c...
compiling Bord_2_S.c...
D:\ISM_ARM\Project\Bord_2_S.c(122): warning:  #1-D: last line of file ends without a newline
  }
Bord_2_S.c: 1 warning, 0 errors
compiling sys_uart.c...
compiling delay.c...
compiling gpio.c...
linking...
Program Size: Code=1764 RO-data=268 RW-data=28 ZI-data=628  
FromELF: creating hex file...
".\Objects\Bord_2_S.axf" - 0 Error(s), 1 Warning(s).
Build Time Elapsed:  00:00:01
</pre>
</body>
</html>
