Component: ARM Compiler 5.06 update 1 (build 61) Tool: armlink [4d35a8]

==============================================================================

Section Cross References

    startup_lpc17xx.o(STACK) refers (Special) to heapauxi.o(.text) for __use_two_region_memory
    startup_lpc17xx.o(HEAP) refers (Special) to heapauxi.o(.text) for __use_two_region_memory
    startup_lpc17xx.o(RESET) refers (Special) to heapauxi.o(.text) for __use_two_region_memory
    startup_lpc17xx.o(RESET) refers to startup_lpc17xx.o(STACK) for __initial_sp
    startup_lpc17xx.o(RESET) refers to startup_lpc17xx.o(.text) for Reset_Handler
    startup_lpc17xx.o(RESET) refers to hal_cm3.o(.emb_text) for SVC_Handler
    startup_lpc17xx.o(.ARM.__at_0x02FC) refers (Special) to heapauxi.o(.text) for __use_two_region_memory
    startup_lpc17xx.o(.text) refers (Special) to heapauxi.o(.text) for __use_two_region_memory
    startup_lpc17xx.o(.text) refers to system_lpc17xx.o(i.SystemInit) for SystemInit
    startup_lpc17xx.o(.text) refers to __main.o(!!!main) for __main
    startup_lpc17xx.o(.text) refers to startup_lpc17xx.o(HEAP) for Heap_Mem
    startup_lpc17xx.o(.text) refers to startup_lpc17xx.o(STACK) for Stack_Mem
    system_lpc17xx.o(i.SystemCoreClockUpdate) refers to lludivv7m.o(.text) for __aeabi_uldivmod
    system_lpc17xx.o(i.SystemCoreClockUpdate) refers to system_lpc17xx.o(.data) for SystemCoreClock
    bord_1_m.o(i.job1) refers to sys_uart.o(i.UART_Init) for UART_Init
    bord_1_m.o(i.job1) refers to bord_1_m.o(i.uart_init) for uart_init
    bord_1_m.o(i.job1) refers to uart.o(i.UART_TxString) for UART_TxString
    bord_1_m.o(i.job1) refers to uart.o(i.UART_RxString) for UART_RxString
    bord_1_m.o(i.job1) refers to rt_task.o(i.rt_tsk_prio) for rt_tsk_prio
    bord_1_m.o(i.job1) refers to rt_task.o(i.rt_tsk_self) for rt_tsk_self
    bord_1_m.o(i.job1) refers to bord_1_m.o(.data) for tsk1
    bord_1_m.o(i.job1) refers to bord_1_m.o(i.job2) for job2
    bord_1_m.o(i.job1) refers to rt_task.o(i.rt_tsk_create) for rt_tsk_create
    bord_1_m.o(i.job1) refers to bord_1_m.o(.bss) for Rx_Cmd
    bord_1_m.o(i.job1) refers to rt_task.o(i.rt_tsk_pass) for rt_tsk_pass
    bord_1_m.o(i.job2) refers to os_ex.o(i.Extract_Cmd) for Extract_Cmd
    bord_1_m.o(i.job2) refers to uart.o(i.UART_TxString) for UART_TxString
    bord_1_m.o(i.job2) refers to bord_1_m.o(.data) for Rx_flag
    bord_1_m.o(i.job2) refers to bord_1_m.o(.bss) for Rx_Cmd
    bord_1_m.o(i.job2) refers to rt_task.o(i.rt_tsk_pass) for rt_tsk_pass
    bord_1_m.o(i.main) refers to hal_cm3.o(.emb_text) for os_set_env
    bord_1_m.o(i.main) refers to bord_1_m.o(i.job1) for job1
    bord_1_m.o(i.main) refers to rt_task.o(i.rt_sys_init) for rt_sys_init
    bord_1_m.o(i.uart_init) refers to system_lpc17xx.o(.data) for SystemCoreClock
    rtx_conf_cm.o(i.__user_perthread_libspace) refers to rt_task.o(i.rt_tsk_self) for rt_tsk_self
    rtx_conf_cm.o(i.__user_perthread_libspace) refers to rtx_conf_cm.o(.bss) for .bss
    rtx_conf_cm.o(i.__user_perthread_libspace) refers to libspace.o(.bss) for __libspace_start
    rtx_conf_cm.o(i._mutex_acquire) refers to rt_task.o(i.rt_tsk_self) for rt_tsk_self
    rtx_conf_cm.o(i._mutex_acquire) refers to rt_mutex.o(i.rt_mut_wait) for rt_mut_wait
    rtx_conf_cm.o(i._mutex_initialize) refers to rt_mutex.o(i.rt_mut_init) for rt_mut_init
    rtx_conf_cm.o(i._mutex_initialize) refers to rtx_conf_cm.o(.data) for .data
    rtx_conf_cm.o(i._mutex_initialize) refers to rtx_conf_cm.o(.bss) for .bss
    rtx_conf_cm.o(i._mutex_release) refers to rt_task.o(i.rt_tsk_self) for rt_tsk_self
    rtx_conf_cm.o(i._mutex_release) refers to rt_mutex.o(i.rt_mut_release) for rt_mut_release
    uart.o(i.UART_RxString) refers to sys_uart.o(i.sys_UART_RxString) for sys_UART_RxString
    uart.o(i.UART_RxString) refers to bord_1_m.o(.data) for En_flag
    uart.o(i.UART_RxString) refers to uart.o(.data) for dat
    uart.o(i.UART_TxString) refers to rand.o(.text) for srand
    uart.o(i.UART_TxString) refers to sys_uart.o(i.sys_UART_TxString) for sys_UART_TxString
    uart.o(i.UART_TxString) refers to delay.o(i.DELAY_ms) for DELAY_ms
    uart.o(i.UART_TxString) refers to uart.o(.constdata) for .constdata
    uart.o(i.UART_TxString) refers to bord_1_m.o(.data) for En_flag
    os_ex.o(i.Encrypt) refers to uart.o(i.UART_TxString) for UART_TxString
    os_ex.o(i.Encrypt) refers to strcmpv7m.o(.text) for strcmp
    os_ex.o(i.Encrypt) refers to bord_1_m.o(.data) for En_flag
    os_ex.o(i.Extract_Cmd) refers to rt_memcpy_w.o(.text) for __aeabi_memcpy4
    os_ex.o(i.Extract_Cmd) refers to strcmpv7m.o(.text) for strcmp
    os_ex.o(i.Extract_Cmd) refers to os_ex.o(i.echo) for echo
    os_ex.o(i.Extract_Cmd) refers to os_ex.o(i.check) for check
    os_ex.o(i.Extract_Cmd) refers to os_ex.o(i.Encrypt) for Encrypt
    os_ex.o(i.Extract_Cmd) refers to os_ex.o(i.help) for help
[...]
    rt_event.o(i.rt_evt_set) refers to rt_task.o(i.rt_dispatch) for rt_dispatch
    rt_event.o(i.rt_evt_set) refers to rtx_conf_cm.o(.bss) for os_active_TCB
    rt_event.o(i.rt_evt_wait) refers to rt_task.o(i.rt_block) for rt_block
    rt_event.o(i.rt_evt_wait) refers to rt_task.o(.data) for os_tsk
    rt_mailbox.o(i.isr_mbx_receive) refers to rt_list.o(i.rt_psq_enq) for rt_psq_enq
    rt_mailbox.o(i.isr_mbx_receive) refers to rt_system.o(i.rt_psh_req) for rt_psh_req
    rt_mailbox.o(i.isr_mbx_send) refers to rt_list.o(i.rt_psq_enq) for rt_psq_enq
    rt_mailbox.o(i.isr_mbx_send) refers to rt_system.o(i.rt_psh_req) for rt_psh_req
    rt_mailbox.o(i.rt_mbx_psh) refers to rt_list.o(i.rt_get_first) for rt_get_first
    rt_mailbox.o(i.rt_mbx_psh) refers to rt_list.o(i.rt_rmv_dly) for rt_rmv_dly
    rt_mailbox.o(i.rt_mbx_psh) refers to rt_list.o(i.rt_put_prio) for rt_put_prio
    rt_mailbox.o(i.rt_mbx_psh) refers to rtx_conf_cm.o(i.os_error) for os_error
    rt_mailbox.o(i.rt_mbx_psh) refers to rt_list.o(.bss) for os_rdy
    rt_mailbox.o(i.rt_mbx_send) refers to rt_list.o(i.rt_put_prio) for rt_put_prio
    rt_mailbox.o(i.rt_mbx_send) refers to rt_list.o(i.rt_get_first) for rt_get_first
    rt_mailbox.o(i.rt_mbx_send) refers to rt_list.o(i.rt_rmv_dly) for rt_rmv_dly
    rt_mailbox.o(i.rt_mbx_send) refers to rt_task.o(i.rt_dispatch) for rt_dispatch
    rt_mailbox.o(i.rt_mbx_send) refers to rt_task.o(i.rt_block) for rt_block
    rt_mailbox.o(i.rt_mbx_send) refers to rt_task.o(.data) for os_tsk
    rt_mailbox.o(i.rt_mbx_wait) refers to rt_list.o(i.rt_get_first) for rt_get_first
    rt_mailbox.o(i.rt_mbx_wait) refers to rt_list.o(i.rt_rmv_dly) for rt_rmv_dly
    rt_mailbox.o(i.rt_mbx_wait) refers to rt_task.o(i.rt_dispatch) for rt_dispatch
    rt_mailbox.o(i.rt_mbx_wait) refers to rt_list.o(i.rt_put_prio) for rt_put_prio
    rt_mailbox.o(i.rt_mbx_wait) refers to rt_task.o(i.rt_block) for rt_block
    rt_mailbox.o(i.rt_mbx_wait) refers to rt_task.o(.data) for os_tsk
    rt_semaphore.o(i.isr_sem_send) refers to rt_list.o(i.rt_psq_enq) for rt_psq_enq
    rt_semaphore.o(i.isr_sem_send) refers to rt_system.o(i.rt_psh_req) for rt_psh_req
    rt_semaphore.o(i.rt_sem_psh) refers to rt_list.o(i.rt_get_first) for rt_get_first
    rt_semaphore.o(i.rt_sem_psh) refers to rt_list.o(i.rt_rmv_dly) for rt_rmv_dly
    rt_semaphore.o(i.rt_sem_psh) refers to rt_list.o(i.rt_put_prio) for rt_put_prio
    rt_semaphore.o(i.rt_sem_psh) refers to rt_list.o(.bss) for os_rdy
    rt_semaphore.o(i.rt_sem_send) refers to rt_list.o(i.rt_get_first) for rt_get_first
    rt_semaphore.o(i.rt_sem_send) refers to rt_list.o(i.rt_rmv_dly) for rt_rmv_dly
    rt_semaphore.o(i.rt_sem_send) refers to rt_task.o(i.rt_dispatch) for rt_dispatch
    rt_semaphore.o(i.rt_sem_send) refers to rt_task.o(.data) for os_tsk
    rt_semaphore.o(i.rt_sem_wait) refers to rt_list.o(i.rt_put_prio) for rt_put_prio
    rt_semaphore.o(i.rt_sem_wait) refers to rt_task.o(i.rt_block) for rt_block
    rt_semaphore.o(i.rt_sem_wait) refers to rt_task.o(.data) for os_tsk
    rt_time.o(i.rt_dly_wait) refers to rt_task.o(i.rt_block) for rt_block
    rt_time.o(i.rt_itv_set) refers to rt_task.o(.data) for os_tsk
    rt_time.o(i.rt_itv_set) refers to rt_time.o(.data) for .data
    rt_time.o(i.rt_itv_wait) refers to rt_task.o(i.rt_block) for rt_block
    rt_time.o(i.rt_itv_wait) refers to rt_task.o(.data) for os_tsk
    rt_time.o(i.rt_itv_wait) refers to rt_time.o(.data) for .data
    rt_time.o(i.rt_time_get) refers to rt_time.o(.data) for .data
    rt_timer.o(i.rt_tmr_create) refers to rt_membox.o(i.rt_alloc_box) for rt_alloc_box
    rt_timer.o(i.rt_tmr_create) refers to rtx_conf_cm.o(.data) for m_tmr
    rt_timer.o(i.rt_tmr_create) refers to rt_timer.o(.data) for .data
    rt_timer.o(i.rt_tmr_kill) refers to rt_membox.o(i.rt_free_box) for rt_free_box
    rt_timer.o(i.rt_tmr_kill) refers to rt_timer.o(.data) for .data
    rt_timer.o(i.rt_tmr_kill) refers to rtx_conf_cm.o(.data) for m_tmr
    rt_timer.o(i.rt_tmr_tick) refers to rtx_conf_cm.o(i.os_tmr_call) for os_tmr_call
    rt_timer.o(i.rt_tmr_tick) refers to rt_membox.o(i.rt_free_box) for rt_free_box
    rt_timer.o(i.rt_tmr_tick) refers to rt_timer.o(.data) for .data
    rt_timer.o(i.rt_tmr_tick) refers to rtx_conf_cm.o(.data) for m_tmr
    libspace.o(.text) refers to libspace.o(.bss) for __libspace_start
    rand.o(.emb_text) refers (Special) to libinit2.o(.ARM.Collect$$libinit$$0000000D) for __rt_lib_init_rand_2
    rand.o(.emb_text) refers to rand.o(.text) for _rand_init
    rand.o(.emb_text) refers to rand.o(.bss) for _random_number_data
    rand.o(.text) refers (Special) to libinit2.o(.ARM.Collect$$libinit$$0000000D) for __rt_lib_init_rand_2
    rand.o(.text) refers to rand.o(.bss) for .bss
    rand.o(.bss) refers (Special) to libinit2.o(.ARM.Collect$$libinit$$0000000D) for __rt_lib_init_rand_2
    __main.o(!!!main) refers to __rtentry.o(.ARM.Collect$$rtentry$$00000000) for __rt_entry
    __rtentry.o(.ARM.Collect$$rtentry$$00000000) refers (Special) to __rtentry2.o(.ARM.Collect$$rtentry$$0000000A) for __rt_entry_li
    __rtentry.o(.ARM.Collect$$rtentry$$00000000) refers (Special) to __rtentry2.o(.ARM.Collect$$rtentry$$0000000D) for __rt_entry_main
    __rtentry.o(.ARM.Collect$$rtentry$$00000000) refers (Special) to __rtentry2.o(.ARM.Collect$$rtentry$$0000000C) for __rt_entry_postli_1
    __rtentry.o(.ARM.Collect$$rtentry$$00000000) refers (Special) to __rtentry2.o(.ARM.Collect$$rtentry$$00000009) for __rt_entry_postsh_1
    __rtentry.o(.ARM.Collect$$rtentry$$00000000) refers (Special) to __rtentry2.o(.ARM.Collect$$rtentry$$00000002) for __rt_entry_presh_1
    __rtentry.o(.ARM.Collect$$rtentry$$00000000) refers (Special) to __rtentry4.o(.ARM.Collect$$rtentry$$00000004) for __rt_entry_sh
    aeabi_ldiv0_sigfpe.o(.text) refers to rt_div0.o(.text) for __rt_div0
    libinit2.o(.ARM.Collect$$libinit$$0000000D) refers (Weak) to rand.o(.text) for _rand_init
    libinit2.o(.ARM.Collect$$libinit$$00000010) refers to libinit2.o(.ARM.Collect$$libinit$$0000000F) for .ARM.Collect$$libinit$$0000000F
    libinit2.o(.ARM.Collect$$libinit$$00000012) refers to libinit2.o(.ARM.Collect$$libinit$$0000000F) for .ARM.Collect$$libinit$$0000000F
    libinit2.o(.ARM.Collect$$libinit$$00000014) refers to libinit2.o(.ARM.Collect$$libinit$$0000000F) for .ARM.Collect$$libinit$$0000000F
    libinit2.o(.ARM.Collect$$libinit$$00000016) refers to libinit2.o(.ARM.Collect$$libinit$$0000000F) for .ARM.Collect$$libinit$$0000000F
    libinit2.o(.ARM.Collect$$libinit$$00000018) refers to libinit2.o(.ARM.Collect$$libinit$$0000000F) for .ARM.Collect$$libinit$$0000000F
    libinit2.o(.ARM.Collect$$libinit$$00000026) refers to argv_veneer.o(.emb_text) for __ARM_argv_veneer
    libinit2.o(.ARM.Collect$$libinit$$00000027) refers to argv_veneer.o(.emb_text) for __ARM_argv_veneer
    __rtentry2.o(.ARM.Collect$$rtentry$$00000008) refers to boardinit2.o(.text) for _platform_post_stackheap_init
    __rtentry2.o(.ARM.Collect$$rtentry$$0000000A) refers to libinit.o(.ARM.Collect$$libinit$$00000000) for __rt_lib_init
    __rtentry2.o(.ARM.Collect$$rtentry$$0000000B) refers to boardinit3.o(.text) for _platform_post_lib_init
    __rtentry2.o(.ARM.Collect$$rtentry$$0000000D) refers to bord_1_m.o(i.main) for main
    __rtentry2.o(.ARM.Collect$$rtentry$$0000000D) refers to exit.o(.text) for exit
    __rtentry2.o(.ARM.exidx) refers to __rtentry2.o(.ARM.Collect$$rtentry$$00000001) for .ARM.Collect$$rtentry$$00000001
    __rtentry2.o(.ARM.exidx) refers to __rtentry2.o(.ARM.Collect$$rtentry$$00000008) for .ARM.Collect$$rtentry$$00000008
    __rtentry2.o(.ARM.exidx) refers to __rtentry2.o(.ARM.Collect$$rtentry$$0000000A) for .ARM.Collect$$rtentry$$0000000A
    __rtentry2.o(.ARM.exidx) refers to __rtentry2.o(.ARM.Collect$$rtentry$$0000000B) for .ARM.Collect$$rtentry$$0000000B
    __rtentry2.o(.ARM.exidx) refers to __rtentry2.o(.ARM.Collect$$rtentry$$0000000D) for .ARM.Collect$$rtentry$$0000000D
    __rtentry4.o(.ARM.Collect$$rtentry$$00000004) refers to sys_stackheap_outer.o(.text) for __user_setup_stackheap
    __rtentry4.o(.ARM.exidx) refers to __rtentry4.o(.ARM.Collect$$rtentry$$00000004) for .ARM.Collect$$rtentry$$00000004
    rt_div0.o(.text) refers to defsig_fpe_outer.o(.text) for __rt_SIGFPE
    argv_veneer.o(.emb_text) refers to no_argv.o(.text) for __ARM_get_argv
    sys_stackheap_outer.o(.text) refers to libspace.o(.text) for __user_perproc_libspace
    sys_stackheap_outer.o(.text) refers to startup_lpc17xx.o(.text) for __user_initial_stackheap
    exit.o(.text) refers to rtexit.o(.ARM.Collect$$rtexit$$00000000) for __rt_exit
    defsig_fpe_outer.o(.text) refers to defsig_fpe_inner.o(.text) for __rt_SIGFPE_inner
    defsig_fpe_outer.o(.text) refers to defsig_exit.o(.text) for __sig_exit
    defsig_fpe_formal.o(.text) refers to rt_raise.o(.text) for __rt_raise
    _get_argv_nomalloc.o(.text) refers (Special) to hrguard.o(.text) for __heap_region$guard
    _get_argv_nomalloc.o(.text) refers to defsig_rtmem_outer.o(.text) for __rt_SIGRTMEM
    _get_argv_nomalloc.o(.text) refers to sys_command.o(.text) for _sys_command_string
    libinit.o(.ARM.Collect$$libinit$$00000000) refers (Special) to libinit2.o(.ARM.Collect$$libinit$$0000002E) for __rt_lib_init_alloca_1
    libinit.o(.ARM.Collect$$libinit$$00000000) refers (Special) to libinit2.o(.ARM.Collect$$libinit$$0000002C) for __rt_lib_init_argv_1
    libinit.o(.ARM.Collect$$libinit$$00000000) refers (Special) to libinit2.o(.ARM.Collect$$libinit$$0000001B) for __rt_lib_init_atexit_1
    libinit.o(.ARM.Collect$$libinit$$00000000) refers (Special) to libinit2.o(.ARM.Collect$$libinit$$00000021) for __rt_lib_init_clock_1
    libinit.o(.ARM.Collect$$libinit$$00000000) refers (Special) to libinit2.o(.ARM.Collect$$libinit$$00000032) for __rt_lib_init_cpp_1
    libinit.o(.ARM.Collect$$libinit$$00000000) refers (Special) to libinit2.o(.ARM.Collect$$libinit$$00000030) for __rt_lib_init_exceptions_1
    libinit.o(.ARM.Collect$$libinit$$00000000) refers (Special) to libinit2.o(.ARM.Collect$$libinit$$00000002) for __rt_lib_init_fp_1
    libinit.o(.ARM.Collect$$libinit$$00000000) refers (Special) to libinit2.o(.ARM.Collect$$libinit$$0000001F) for __rt_lib_init_fp_trap_1
    libinit.o(.ARM.Collect$$libinit$$00000000) refers (Special) to libinit2.o(.ARM.Collect$$libinit$$00000023) for __rt_lib_init_getenv_1
    libinit.o(.ARM.Collect$$libinit$$00000000) refers (Special) to libinit2.o(.ARM.Collect$$libinit$$0000000A) for __rt_lib_init_heap_1
    libinit.o(.ARM.Collect$$libinit$$00000000) refers (Special) to libinit2.o(.ARM.Collect$$libinit$$00000011) for __rt_lib_init_lc_collate_1
    libinit.o(.ARM.Collect$$libinit$$00000000) refers (Special) to libinit2.o(.ARM.Collect$$libinit$$00000013) for __rt_lib_init_lc_ctype_1
    libinit.o(.ARM.Collect$$libinit$$00000000) refers (Special) to libinit2.o(.ARM.Collect$$libinit$$00000015) for __rt_lib_init_lc_monetary_1
    libinit.o(.ARM.Collect$$libinit$$00000000) refers (Special) to libinit2.o(.ARM.Collect$$libinit$$00000017) for __rt_lib_init_lc_numeric_1
    libinit.o(.ARM.Collect$$libinit$$00000000) refers (Special) to libinit2.o(.ARM.Collect$$libinit$$00000019) for __rt_lib_init_lc_time_1
    libinit.o(.ARM.Collect$$libinit$$00000000) refers (Special) to libinit2.o(.ARM.Collect$$libinit$$00000004) for __rt_lib_init_preinit_1
    libinit.o(.ARM.Collect$$libinit$$00000000) refers (Special) to libinit2.o(.ARM.Collect$$libinit$$0000000E) for __rt_lib_init_rand_1
    libinit.o(.ARM.Collect$$libinit$$00000000) refers (Special) to libinit2.o(.ARM.Collect$$libinit$$00000033) for __rt_lib_init_return
    libinit.o(.ARM.Collect$$libinit$$00000000) refers (Special) to libinit2.o(.ARM.Collect$$libinit$$0000001D) for __rt_lib_init_signal_1
    libinit.o(.ARM.Collect$$libinit$$00000000) refers (Special) to libinit2.o(.ARM.Collect$$libinit$$00000025) for __rt_lib_init_stdio_1
    libinit.o(.ARM.Collect$$libinit$$00000000) refers (Special) to libinit2.o(.ARM.Collect$$libinit$$0000000C) for __rt_lib_init_user_alloc_1
    sys_command.o(.text) refers (Special) to use_no_semi.o(.text) for __I$use$semihosting
    sys_command.o(.text) refers (Special) to indicate_semi.o(.text) for __semihosting_library_function
    rtexit.o(.ARM.Collect$$rtexit$$00000000) refers (Special) to rtexit2.o(.ARM.Collect$$rtexit$$00000004) for __rt_exit_exit
    rtexit.o(.ARM.Collect$$rtexit$$00000000) refers (Special) to rtexit2.o(.ARM.Collect$$rtexit$$00000003) for __rt_exit_ls
    rtexit.o(.ARM.Collect$$rtexit$$00000000) refers (Special) to rtexit2.o(.ARM.Collect$$rtexit$$00000002) for __rt_exit_prels_1
    rtexit.o(.ARM.exidx) refers (Special) to rtexit2.o(.ARM.Collect$$rtexit$$00000004) for __rt_exit_exit
    rtexit.o(.ARM.exidx) refers (Special) to rtexit2.o(.ARM.Collect$$rtexit$$00000003) for __rt_exit_ls
    rtexit.o(.ARM.exidx) refers (Special) to rtexit2.o(.ARM.Collect$$rtexit$$00000002) for __rt_exit_prels_1
    rtexit.o(.ARM.exidx) refers to rtexit.o(.ARM.Collect$$rtexit$$00000000) for .ARM.Collect$$rtexit$$00000000
    rt_raise.o(.text) refers to __raise.o(.text) for __raise
    rt_raise.o(.text) refers to sys_exit.o(.text) for _sys_exit
    defsig_exit.o(.text) refers to sys_exit.o(.text) for _sys_exit
    defsig_fpe_inner.o(.text) refers to defsig_general.o(.text) for __default_signal_display
    defsig_rtmem_outer.o(.text) refers to defsig_rtmem_inner.o(.text) for __rt_SIGRTMEM_inner
    defsig_rtmem_outer.o(.text) refers to defsig_exit.o(.text) for __sig_exit
    defsig_rtmem_formal.o(.text) refers to rt_raise.o(.text) for __rt_raise
    sys_exit.o(.text) refers (Special) to use_no_semi.o(.text) for __I$use$semihosting
    sys_exit.o(.text) refers (Special) to indicate_semi.o(.text) for __semihosting_library_function
    rtexit2.o(.ARM.Collect$$rtexit$$00000003) refers to libshutdown.o(.ARM.Collect$$libshutdown$$00000000) for __rt_lib_shutdown
    rtexit2.o(.ARM.Collect$$rtexit$$00000004) refers to sys_exit.o(.text) for _sys_exit
    rtexit2.o(.ARM.exidx) refers to rtexit2.o(.ARM.Collect$$rtexit$$00000001) for .ARM.Collect$$rtexit$$00000001
    rtexit2.o(.ARM.exidx) refers to rtexit2.o(.ARM.Collect$$rtexit$$00000003) for .ARM.Collect$$rtexit$$00000003
    rtexit2.o(.ARM.exidx) refers to rtexit2.o(.ARM.Collect$$rtexit$$00000004) for .ARM.Collect$$rtexit$$00000004
    __raise.o(.text) refers to defsig.o(CL$$defsig) for __default_signal_handler
    defsig_general.o(.text) refers to sys_wrch.o(.text) for _ttywrch
    defsig_rtmem_inner.o(.text) refers to defsig_general.o(.text) for __default_signal_display
    sys_wrch.o(.text) refers (Special) to use_no_semi.o(.text) for __I$use$semihosting
    sys_wrch.o(.text) refers (Special) to indicate_semi.o(.text) for __semihosting_library_function
    defsig.o(CL$$defsig) refers to defsig_fpe_inner.o(.text) for __rt_SIGFPE_inner
    defsig.o(CL$$defsig) refers to defsig_rtmem_inner.o(.text) for __rt_SIGRTMEM_inner
    libshutdown.o(.ARM.Collect$$libshutdown$$00000000) refers (Special) to libshutdown2.o(.ARM.Collect$$libshutdown$$00000002) for __rt_lib_shutdown_cpp_1
    libshutdown.o(.ARM.Collect$$libshutdown$$00000000) refers (Special) to libshutdown2.o(.ARM.Collect$$libshutdown$$00000007) for __rt_lib_shutdown_fp_trap_1
    libshutdown.o(.ARM.Collect$$libshutdown$$00000000) refers (Special) to libshutdown2.o(.ARM.Collect$$libshutdown$$0000000F) for __rt_lib_shutdown_heap_1
    libshutdown.o(.ARM.Collect$$libshutdown$$00000000) refers (Special) to libshutdown2.o(.ARM.Collect$$libshutdown$$00000010) for __rt_lib_shutdown_return
    libshutdown.o(.ARM.Collect$$libshutdown$$00000000) refers (Special) to libshutdown2.o(.ARM.Collect$$libshutdown$$0000000A) for __rt_lib_shutdown_signal_1
    libshutdown.o(.ARM.Collect$$libshutdown$$00000000) refers (Special) to libshutdown2.o(.ARM.Collect$$libshutdown$$00000004) for __rt_lib_shutdown_stdio_1
    libshutdown.o(.ARM.Collect$$libshutdown$$00000000) refers (Special) to libshutdown2.o(.ARM.Collect$$libshutdown$$0000000C) for __rt_lib_shutdown_user_alloc_1
    defsig_abrt_inner.o(.text) refers to defsig_general.o(.text) for __default_signal_display
    defsig_rtred_inner.o(.text) refers to defsig_general.o(.text) for __default_signal_display
    defsig_stak_inner.o(.text) refers to defsig_general.o(.text) for __default_signal_display
    defsig_pvfn_inner.o(.text) refers to defsig_general.o(.text) for __default_signal_display
    defsig_cppl_inner.o(.text) refers to defsig_general.o(.text) for __default_signal_display
    defsig_segv_inner.o(.text) refers to defsig_general.o(.text) for __default_signal_display
    defsig_other.o(.text) refers to defsig_general.o(.text) for __default_signal_display


==============================================================================

Removing Unused input sections from the image.

    Removing system_lpc17xx.o(.rev16_text), (4 bytes).
    Removing system_lpc17xx.o(.revsh_text), (4 bytes).
    Removing system_lpc17xx.o(i.SystemCoreClockUpdate), (424 bytes).
    Removing bord_1_m.o(.rev16_text), (4 bytes).
    Removing bord_1_m.o(.revsh_text), (4 bytes).
    Removing rtx_conf_cm.o(i.__user_perthread_libspace), (36 bytes).
    Removing rtx_conf_cm.o(i._mutex_initialize), (44 bytes).
    Removing uart.o(.rev16_text), (4 bytes).
    Removing uart.o(.revsh_text), (4 bytes).
    Removing gpio.o(.rev16_text), (4 bytes).
    Removing gpio.o(.revsh_text), (4 bytes).
    Removing gpio.o(i.GPIO_PinDirection), (52 bytes).
    Removing gpio.o(i.GPIO_PinRead), (48 bytes).
    Removing gpio.o(i.GPIO_PinToggle), (36 bytes).
    Removing gpio.o(i.GPIO_PinWrite), (52 bytes).
    Removing os_ex.o(.rev16_text), (4 bytes).
    Removing os_ex.o(.revsh_text), (4 bytes).
    Removing os_ex.o(i.uart_RxChar), (24 bytes).
    Removing os_ex.o(i.uart_RxStr), (36 bytes).
    Removing os_ex.o(.bss), (20 bytes).
    Removing sys_uart.o(.rev16_text), (4 bytes).
    Removing sys_uart.o(.revsh_text), (4 bytes).
    Removing delay.o(.rev16_text), (4 bytes).
    Removing delay.o(.revsh_text), (4 bytes).
    Removing delay.o(i.DELAY_sec), (24 bytes).
    Removing rt_task.o(i.rt_tsk_delete), (364 bytes).
    Removing rt_mutex.o(i.rt_mut_init), (16 bytes).
    Removing rt_system.o(.emb_text), (0 bytes).
    Removing rt_system.o(i.rt_psh_req), (32 bytes).
    Removing rt_system.o(i.rt_resume), (176 bytes).
    Removing rt_system.o(i.rt_suspend), (44 bytes).
    Removing rt_system.o(i.rt_tsk_lock), (80 bytes).
    Removing rt_system.o(i.rt_tsk_unlock), (80 bytes).
    Removing rt_list.o(i.rt_psq_enq), (92 bytes).
    Removing rt_membox.o(i._calloc_box), (30 bytes).
    Removing rt_event.o(i.isr_evt_set), (40 bytes).
    Removing rt_event.o(i.rt_evt_clr), (28 bytes).
    Removing rt_event.o(i.rt_evt_get), (12 bytes).
    Removing rt_event.o(i.rt_evt_set), (96 bytes).
    Removing rt_event.o(i.rt_evt_wait), (60 bytes).
    Removing rt_mailbox.o(i.isr_mbx_receive), (86 bytes).
    Removing rt_mailbox.o(i.isr_mbx_send), (14 bytes).
    Removing rt_mailbox.o(i.rt_mbx_check), (8 bytes).
    Removing rt_mailbox.o(i.rt_mbx_init), (24 bytes).
    Removing rt_mailbox.o(i.rt_mbx_send), (164 bytes).
    Removing rt_mailbox.o(i.rt_mbx_wait), (188 bytes).
    Removing rt_semaphore.o(i.isr_sem_send), (16 bytes).
    Removing rt_semaphore.o(i.rt_sem_init), (12 bytes).
    Removing rt_semaphore.o(i.rt_sem_send), (56 bytes).
    Removing rt_semaphore.o(i.rt_sem_wait), (64 bytes).
    Removing rt_time.o(i.rt_dly_wait), (6 bytes).
    Removing rt_time.o(i.rt_itv_set), (24 bytes).
    Removing rt_time.o(i.rt_itv_wait), (40 bytes).
    Removing rt_time.o(i.rt_time_get), (12 bytes).
    Removing rt_timer.o(i.rt_tmr_create), (80 bytes).
    Removing rt_timer.o(i.rt_tmr_kill), (52 bytes).

56 unused section(s) (total 2848 bytes) removed from the image.

==============================================================================

Image Symbol Table

    Local Symbols

    Symbol Name                              Value     Ov Type        Size  Object(Section)

    RESET                                    0x00000000   Section      204  startup_lpc17xx.o(RESET)
    ../clib/angel/boardlib.s                 0x00000000   Number         0  boardinit2.o ABSOLUTE
    ../clib/angel/boardlib.s                 0x00000000   Number         0  boardinit3.o ABSOLUTE
    ../clib/angel/boardlib.s                 0x00000000   Number         0  boardinit1.o ABSOLUTE
    ../clib/angel/boardlib.s                 0x00000000   Number         0  boardshut.o ABSOLUTE
    ../clib/angel/handlers.s                 0x00000000   Number         0  __scatter_zi.o ABSOLUTE
    ../clib/angel/handlers.s                 0x00000000   Number         0  __scatter_copy.o ABSOLUTE
    ../clib/angel/kernel.s                   0x00000000   Number         0  __rtentry.o ABSOLUTE
    ../clib/angel/kernel.s                   0x00000000   Number         0  rtexit.o ABSOLUTE
    ../clib/angel/kernel.s                   0x00000000   Number         0  __rtentry2.o ABSOLUTE
    ../clib/angel/kernel.s                   0x00000000   Number         0  __rtentry4.o ABSOLUTE
    ../clib/angel/kernel.s                   0x00000000   Number         0  rtexit2.o ABSOLUTE
    ../clib/angel/rt.s                       0x00000000   Number         0  aeabi_ldiv0.o ABSOLUTE
    ../clib/angel/rt.s                       0x00000000   Number         0  rt_div0.o ABSOLUTE
    ../clib/angel/rt.s                       0x00000000   Number         0  aeabi_ldiv0_sigfpe.o ABSOLUTE
    ../clib/angel/rt.s                       0x00000000   Number         0  rt_raise.o ABSOLUTE
    ../clib/angel/scatter.s                  0x00000000   Number         0  __scatter.o ABSOLUTE
    ../clib/angel/startup.s                  0x00000000   Number         0  __main.o ABSOLUTE
    ../clib/angel/sys.s                      0x00000000   Number         0  sys_stackheap_outer.o ABSOLUTE
    ../clib/angel/sys.s                      0x00000000   Number         0  indicate_semi.o ABSOLUTE
    ../clib/angel/sys.s                      0x00000000   Number         0  use_no_semi.o ABSOLUTE
    ../clib/angel/sys.s                      0x00000000   Number         0  libspace.o ABSOLUTE
    ../clib/angel/sysapp.c                   0x00000000   Number         0  sys_command.o ABSOLUTE
    ../clib/angel/sysapp.c                   0x00000000   Number         0  sys_exit.o ABSOLUTE
    ../clib/angel/sysapp.c                   0x00000000   Number         0  sys_wrch.o ABSOLUTE
    ../clib/armsys.c                         0x00000000   Number         0  argv_veneer.o ABSOLUTE
    ../clib/armsys.c                         0x00000000   Number         0  no_argv.o ABSOLUTE
    ../clib/armsys.c                         0x00000000   Number         0  argv_veneer.o ABSOLUTE
    ../clib/armsys.c                         0x00000000   Number         0  _get_argv_nomalloc.o ABSOLUTE
    ../clib/heapalloc.c                      0x00000000   Number         0  hrguard.o ABSOLUTE
    ../clib/heapaux.c                        0x00000000   Number         0  heapauxi.o ABSOLUTE
    ../clib/libinit.s                        0x00000000   Number         0  libinit2.o ABSOLUTE
    ../clib/libinit.s                        0x00000000   Number         0  libinit.o ABSOLUTE
    ../clib/libinit.s                        0x00000000   Number         0  libshutdown2.o ABSOLUTE
    ../clib/libinit.s                        0x00000000   Number         0  libshutdown.o ABSOLUTE
    ../clib/longlong.s                       0x00000000   Number         0  lludivv7m.o ABSOLUTE
    ../clib/memcpset.s                       0x00000000   Number         0  rt_memcpy_w.o ABSOLUTE
    ../clib/memcpset.s                       0x00000000   Number         0  strcmpv7m.o ABSOLUTE
    ../clib/signal.c                         0x00000000   Number         0  defsig_fpe_formal.o ABSOLUTE
    ../clib/signal.c                         0x00000000   Number         0  defsig_fpe_outer.o ABSOLUTE
    ../clib/signal.c                         0x00000000   Number         0  defsig_rtmem_formal.o ABSOLUTE
    ../clib/signal.c                         0x00000000   Number         0  defsig_segv_inner.o ABSOLUTE
    ../clib/signal.c                         0x00000000   Number         0  defsig_fpe_inner.o ABSOLUTE
    ../clib/signal.c                         0x00000000   Number         0  defsig_exit.o ABSOLUTE
    ../clib/signal.c                         0x00000000   Number         0  defsig_cppl_inner.o ABSOLUTE
    ../clib/signal.c                         0x00000000   Number         0  defsig_stak_inner.o ABSOLUTE
    ../clib/signal.c                         0x00000000   Number         0  defsig_abrt_inner.o ABSOLUTE
    ../clib/signal.c                         0x00000000   Number         0  defsig_rtred_inner.o ABSOLUTE
    ../clib/signal.c                         0x00000000   Number         0  defsig_other.o ABSOLUTE
    ../clib/signal.c                         0x00000000   Number         0  defsig_rtmem_inner.o ABSOLUTE
    ../clib/signal.c                         0x00000000   Number         0  defsig_general.o ABSOLUTE
    ../clib/signal.c                         0x00000000   Number         0  __raise.o ABSOLUTE
    ../clib/signal.c                         0x00000000   Number         0  defsig_rtmem_outer.o ABSOLUTE
    ../clib/signal.c                         0x00000000   Number         0  defsig_pvfn_inner.o ABSOLUTE
    ../clib/signal.s                         0x00000000   Number         0  defsig.o ABSOLUTE
    ../clib/stdlib.c                         0x00000000   Number         0  exit.o ABSOLUTE
    ../clib/stdlib.c                         0x00000000   Number         0  rand.o ABSOLUTE
    ../clib/stdlib.c                         0x00000000   Number         0  rand.o ABSOLUTE
    ../fplib/fpinit.s                        0x00000000   Number         0  fpinit.o ABSOLUTE
    Bord_1_M.c                               0x00000000   Number         0  bord_1_m.o ABSOLUTE
    Bord_1_M.c                               0x00000000   Number         0  bord_1_m.o ABSOLUTE
    Drivers\\delay.c                         0x00000000   Number         0  delay.o ABSOLUTE
    Drivers\\gpio.c                          0x00000000   Number         0  gpio.o ABSOLUTE
    Drivers\\sys_uart.c                      0x00000000   Number         0  sys_uart.o ABSOLUTE
    Drivers\\uart.c                          0x00000000   Number         0  uart.o ABSOLUTE
    Drivers\delay.c                          0x00000000   Number         0  delay.o ABSOLUTE
    Drivers\gpio.c                           0x00000000   Number         0  gpio.o ABSOLUTE
    Drivers\sys_uart.c                       0x00000000   Number         0  sys_uart.o ABSOLUTE
    Drivers\uart.c                           0x00000000   Number         0  uart.o ABSOLUTE
    OS_Ex.c                                  0x00000000   Number         0  os_ex.o ABSOLUTE
    OS_Ex.c                                  0x00000000   Number         0  os_ex.o ABSOLUTE
    RTX\RTX_Conf_CM.c                        0x00000000   Number         0  rtx_conf_cm.o ABSOLUTE
    SRC\CM\HAL_CM3.c                         0x00000000   Number         0  hal_cm3.o ABSOLUTE
    SRC\CM\SVC_Table.s                       0x00000000   Number         0  svc_table.o ABSOLUTE
    SRC\CM\rt_Event.c                        0x00000000   Number         0  rt_event.o ABSOLUTE
    SRC\CM\rt_List.c                         0x00000000   Number         0  rt_list.o ABSOLUTE
    SRC\CM\rt_Mailbox.c                      0x00000000   Number         0  rt_mailbox.o ABSOLUTE
    SRC\CM\rt_MemBox.c                       0x00000000   Number         0  rt_membox.o ABSOLUTE
    SRC\CM\rt_Mutex.c                        0x00000000   Number         0  rt_mutex.o ABSOLUTE
    SRC\CM\rt_Robin.c                        0x00000000   Number         0  rt_robin.o ABSOLUTE
    SRC\CM\rt_Semaphore.c                    0x00000000   Number         0  rt_semaphore.o ABSOLUTE
    SRC\CM\rt_System.c                       0x00000000   Number         0  rt_system.o ABSOLUTE
    SRC\CM\rt_Task.c                         0x00000000   Number         0  rt_task.o ABSOLUTE
    SRC\CM\rt_Time.c                         0x00000000   Number         0  rt_time.o ABSOLUTE
    SRC\CM\rt_Timer.c                        0x00000000   Number         0  rt_timer.o ABSOLUTE
    SRC\\CM\\HAL_CM3.c                       0x00000000   Number         0  hal_cm3.o ABSOLUTE
    SRC\\CM\\rt_System.c                     0x00000000   Number         0  rt_system.o ABSOLUTE
    dc.s                                     0x00000000   Number         0  dc.o ABSOLUTE
    startup_LPC17xx.s                        0x00000000   Number         0  startup_lpc17xx.o ABSOLUTE
    system_LPC17xx.c                         0x00000000   Number         0  system_lpc17xx.o ABSOLUTE
    system_LPC17xx.c                         0x00000000   Number         0  system_lpc17xx.o ABSOLUTE
    !!!main                                  0x000000cc   Section        8  __main.o(!!!main)
    !!!scatter                               0x000000d4   Section       52  __scatter.o(!!!scatter)
    !!handler_copy                           0x00000108   Section       26  __scatter_copy.o(!!handler_copy)
    !!handler_zi                             0x00000124   Section       28  __scatter_zi.o(!!handler_zi)
    .ARM.Collect$$libinit$$00000000          0x00000140   Section        2  libinit.o(.ARM.Collect$$libinit$$00000000)
    .ARM.Collect$$libinit$$00000002          0x00000142   Section        0  libinit2.o(.ARM.Collect$$libinit$$00000002)
    .ARM.Collect$$libinit$$00000004          0x00000142   Section        0  libinit2.o(.ARM.Collect$$libinit$$00000004)
    .ARM.Collect$$libinit$$0000000A          0x00000142   Section        0  libinit2.o(.ARM.Collect$$libinit$$0000000A)
    .ARM.Collect$$libinit$$0000000C          0x00000142   Section        0  libinit2.o(.ARM.Collect$$libinit$$0000000C)
    .ARM.Collect$$libinit$$0000000D          0x00000142   Section        4  libinit2.o(.ARM.Collect$$libinit$$0000000D)
    .ARM.Collect$$libinit$$0000000E          0x00000146   Section        0  libinit2.o(.ARM.Collect$$libinit$$0000000E)
    .ARM.Collect$$libinit$$00000011          0x00000146   Section        0  libinit2.o(.ARM.Collect$$libinit$$00000011)
    .ARM.Collect$$libinit$$00000013          0x00000146   Section        0  libinit2.o(.ARM.Collect$$libinit$$00000013)
    .ARM.Collect$$libinit$$00000015          0x00000146   Section        0  libinit2.o(.ARM.Collect$$libinit$$00000015)
    .ARM.Collect$$libinit$$00000017          0x00000146   Section        0  libinit2.o(.ARM.Collect$$libinit$$00000017)
    .ARM.Collect$$libinit$$00000019          0x00000146   Section        0  libinit2.o(.ARM.Collect$$libinit$$00000019)
    .ARM.Collect$$libinit$$0000001B          0x00000146   Section        0  libinit2.o(.ARM.Collect$$libinit$$0000001B)
    .ARM.Collect$$libinit$$0000001D          0x00000146   Section        0  libinit2.o(.ARM.Collect$$libinit$$0000001D)
    .ARM.Collect$$libinit$$0000001F          0x00000146   Section        0  libinit2.o(.ARM.Collect$$libinit$$0000001F)
    .ARM.Collect$$libinit$$00000021          0x00000146   Section        0  libinit2.o(.ARM.Collect$$libinit$$00000021)
    .ARM.Collect$$libinit$$00000023          0x00000146   Section        0  libinit2.o(.ARM.Collect$$libinit$$00000023)
    .ARM.Collect$$libinit$$00000025          0x00000146   Section        0  libinit2.o(.ARM.Collect$$libinit$$00000025)
    .ARM.Collect$$libinit$$0000002C          0x00000146   Section        0  libinit2.o(.ARM.Collect$$libinit$$0000002C)
    .ARM.Collect$$libinit$$0000002E          0x00000146   Section        0  libinit2.o(.ARM.Collect$$libinit$$0000002E)
    .ARM.Collect$$libinit$$00000030          0x00000146   Section        0  libinit2.o(.ARM.Collect$$libinit$$00000030)
    .ARM.Collect$$libinit$$00000032          0x00000146   Section        0  libinit2.o(.ARM.Collect$$libinit$$00000032)
    .ARM.Collect$$libinit$$00000033          0x00000146   Section        2  libinit2.o(.ARM.Collect$$libinit$$00000033)
    .ARM.Collect$$libshutdown$$00000000      0x00000148   Section        2  libshutdown.o(.ARM.Collect$$libshutdown$$00000000)
    .ARM.Collect$$libshutdown$$00000002      0x0000014a   Section        0  libshutdown2.o(.ARM.Collect$$libshutdown$$00000002)
    .ARM.Collect$$libshutdown$$00000004      0x0000014a   Section        0  libshutdown2.o(.ARM.Collect$$libshutdown$$00000004)
    .ARM.Collect$$libshutdown$$00000007      0x0000014a   Section        0  libshutdown2.o(.ARM.Collect$$libshutdown$$00000007)
    .ARM.Collect$$libshutdown$$0000000A      0x0000014a   Section        0  libshutdown2.o(.ARM.Collect$$libshutdown$$0000000A)
    .ARM.Collect$$libshutdown$$0000000C      0x0000014a   Section        0  libshutdown2.o(.ARM.Collect$$libshutdown$$0000000C)
    .ARM.Collect$$libshutdown$$0000000F      0x0000014a   Section        0  libshutdown2.o(.ARM.Collect$$libshutdown$$0000000F)
    .ARM.Collect$$libshutdown$$00000010      0x0000014a   Section        2  libshutdown2.o(.ARM.Collect$$libshutdown$$00000010)
    .ARM.Collect$$rtentry$$00000000          0x0000014c   Section        0  __rtentry.o(.ARM.Collect$$rtentry$$00000000)
    .ARM.Collect$$rtentry$$00000002          0x0000014c   Section        0  __rtentry2.o(.ARM.Collect$$rtentry$$00000002)
    .ARM.Collect$$rtentry$$00000004          0x0000014c   Section        6  __rtentry4.o(.ARM.Collect$$rtentry$$00000004)
    .ARM.Collect$$rtentry$$00000009          0x00000152   Section        0  __rtentry2.o(.ARM.Collect$$rtentry$$00000009)
    .ARM.Collect$$rtentry$$0000000A          0x00000152   Section        4  __rtentry2.o(.ARM.Collect$$rtentry$$0000000A)
    .ARM.Collect$$rtentry$$0000000C          0x00000156   Section        0  __rtentry2.o(.ARM.Collect$$rtentry$$0000000C)
    .ARM.Collect$$rtentry$$0000000D          0x00000156   Section        8  __rtentry2.o(.ARM.Collect$$rtentry$$0000000D)
    .ARM.Collect$$rtexit$$00000000           0x0000015e   Section        2  rtexit.o(.ARM.Collect$$rtexit$$00000000)
    .ARM.Collect$$rtexit$$00000002           0x00000160   Section        0  rtexit2.o(.ARM.Collect$$rtexit$$00000002)
    .ARM.Collect$$rtexit$$00000003           0x00000160   Section        4  rtexit2.o(.ARM.Collect$$rtexit$$00000003)
    .ARM.Collect$$rtexit$$00000004           0x00000164   Section        6  rtexit2.o(.ARM.Collect$$rtexit$$00000004)
    .emb_text                                0x0000016c   Section      340  hal_cm3.o(.emb_text)
    .text                                    0x000002c0   Section       60  startup_lpc17xx.o(.text)
    .ARM.__at_0x02FC                         0x000002fc   Section        4  startup_lpc17xx.o(.ARM.__at_0x02FC)
    .text                                    0x00000300   Section        8  libspace.o(.text)
    .text                                    0x00000308   Section        0  rand.o(.text)
    .text                                    0x00000344   Section      100  rt_memcpy_w.o(.text)
    .text                                    0x000003a8   Section      128  strcmpv7m.o(.text)
    .text                                    0x00000428   Section        0  heapauxi.o(.text)
    .text                                    0x0000042e   Section       74  sys_stackheap_outer.o(.text)
    .text                                    0x00000478   Section        0  exit.o(.text)
    .text                                    0x0000048c   Section        0  sys_exit.o(.text)
    .text                                    0x00000498   Section        2  use_no_semi.o(.text)
    .text                                    0x0000049a   Section        0  indicate_semi.o(.text)
    SVC_TABLE                                0x0000049c   Section        4  svc_table.o(SVC_TABLE)
    i.DELAY_ms                               0x000004a0   Section        0  delay.o(i.DELAY_ms)
    i.DELAY_us                               0x000004b6   Section        0  delay.o(i.DELAY_us)
    i.Encrypt                                0x000004d0   Section        0  os_ex.o(i.Encrypt)
    i.Extract_Cmd                            0x0000058c   Section        0  os_ex.o(i.Extract_Cmd)
    i.GPIO_PinFunction                       0x000006c0   Section        0  gpio.o(i.GPIO_PinFunction)
    i.SystemInit                             0x00000708   Section        0  system_lpc17xx.o(i.SystemInit)
    i.UART_Init                              0x00000844   Section        0  sys_uart.o(i.UART_Init)
    i.UART_RxChar                            0x000008b8   Section        0  sys_uart.o(i.UART_RxChar)
    i.UART_RxString                          0x000008e4   Section        0  uart.o(i.UART_RxString)
    i.UART_SetBaudRate                       0x00000950   Section        0  sys_uart.o(i.UART_SetBaudRate)
    i.UART_TxChar                            0x000009d4   Section        0  sys_uart.o(i.UART_TxChar)
    i.UART_TxString                          0x00000a00   Section        0  uart.o(i.UART_TxString)
    i._init_box                              0x00000b18   Section        0  rt_membox.o(i._init_box)
    i._mutex_acquire                         0x00000b60   Section        0  rtx_conf_cm.o(i._mutex_acquire)
    __tagsym$$used                           0x00000b61   Number         0  rtx_conf_cm.o(i._mutex_acquire)
    i._mutex_release                         0x00000b80   Section        0  rtx_conf_cm.o(i._mutex_release)
    __tagsym$$used                           0x00000b81   Number         0  rtx_conf_cm.o(i._mutex_release)
    i.check                                  0x00000b9c   Section        0  os_ex.o(i.check)
    i.dbg_init                               0x00000bc0   Section        0  hal_cm3.o(i.dbg_init)
    i.dbg_task_notify                        0x00000bf0   Section        0  hal_cm3.o(i.dbg_task_notify)
    i.dbg_task_switch                        0x00000c10   Section        0  hal_cm3.o(i.dbg_task_switch)
    i.echo                                   0x00000c20   Section        0  os_ex.o(i.echo)
    i.help                                   0x00000c34   Section        0  os_ex.o(i.help)
    i.job1                                   0x00000c7c   Section        0  bord_1_m.o(i.job1)
    i.job2                                   0x00000d4c   Section        0  bord_1_m.o(i.job2)
    i.main                                   0x00000d8c   Section        0  bord_1_m.o(i.main)
    i.os_error                               0x00000dac   Section        0  rtx_conf_cm.o(i.os_error)
    i.os_idle_demon                          0x00000db0   Section        0  rtx_conf_cm.o(i.os_idle_demon)
    i.os_tick_init                           0x00000db4   Section        0  rt_system.o(i.os_tick_init)
    i.os_tick_irqack                         0x00000ddc   Section        0  rt_system.o(i.os_tick_irqack)
    i.os_tmr_call                            0x00000dde   Section        0  rtx_conf_cm.o(i.os_tmr_call)
    i.rt_alloc_box                           0x00000de0   Section        0  rt_membox.o(i.rt_alloc_box)
    i.rt_block                               0x00000dfc   Section        0  rt_task.o(i.rt_block)
    i.rt_chk_robin                           0x00000e34   Section        0  rt_robin.o(i.rt_chk_robin)
    i.rt_dec_dly                             0x00000e7c   Section        0  rt_list.o(i.rt_dec_dly)
    i.rt_dispatch                            0x00000ef0   Section        0  rt_task.o(i.rt_dispatch)
    i.rt_evt_psh                             0x00000f34   Section        0  rt_event.o(i.rt_evt_psh)
    i.rt_free_box                            0x00000f80   Section        0  rt_membox.o(i.rt_free_box)
    i.rt_get_first                           0x00000fa0   Section        0  rt_list.o(i.rt_get_first)
    i.rt_get_same_rdy_prio                   0x00000fc8   Section        0  rt_list.o(i.rt_get_same_rdy_prio)
    i.rt_init_context                        0x00000fec   Section        0  rt_task.o(i.rt_init_context)
    rt_init_context                          0x00000fed   Thumb Code    70  rt_task.o(i.rt_init_context)
    i.rt_init_robin                          0x00001038   Section        0  rt_robin.o(i.rt_init_robin)
    i.rt_init_stack                          0x00001050   Section        0  hal_cm3.o(i.rt_init_stack)
    i.rt_mbx_psh                             0x000010a0   Section        0  rt_mailbox.o(i.rt_mbx_psh)
    i.rt_mut_release                         0x00001174   Section        0  rt_mutex.o(i.rt_mut_release)
    i.rt_mut_wait                            0x00001258   Section        0  rt_mutex.o(i.rt_mut_wait)
    i.rt_pop_req                             0x000012c0   Section        0  rt_system.o(i.rt_pop_req)
    i.rt_put_dly                             0x0000133c   Section        0  rt_list.o(i.rt_put_dly)
    i.rt_put_prio                            0x00001384   Section        0  rt_list.o(i.rt_put_prio)
    i.rt_put_rdy_first                       0x000013bc   Section        0  rt_list.o(i.rt_put_rdy_first)
    i.rt_resort_prio                         0x000013d0   Section        0  rt_list.o(i.rt_resort_prio)
    i.rt_rmv_dly                             0x00001404   Section        0  rt_list.o(i.rt_rmv_dly)
    i.rt_rmv_list                            0x0000142c   Section        0  rt_list.o(i.rt_rmv_list)
    i.rt_sem_psh                             0x0000145c   Section        0  rt_semaphore.o(i.rt_sem_psh)
    i.rt_stk_check                           0x00001490   Section        0  rt_system.o(i.rt_stk_check)
    i.rt_switch_req                          0x000014b4   Section        0  rt_task.o(i.rt_switch_req)
    i.rt_sys_init                            0x000014dc   Section        0  rt_task.o(i.rt_sys_init)
    i.rt_systick                             0x00001630   Section        0  rt_system.o(i.rt_systick)
    i.rt_tmr_tick                            0x00001670   Section        0  rt_timer.o(i.rt_tmr_tick)
    i.rt_tsk_create                          0x000016b0   Section        0  rt_task.o(i.rt_tsk_create)
    i.rt_tsk_pass                            0x00001740   Section        0  rt_task.o(i.rt_tsk_pass)
    i.rt_tsk_prio                            0x00001770   Section        0  rt_task.o(i.rt_tsk_prio)
    i.rt_tsk_self                            0x000017fc   Section        0  rt_task.o(i.rt_tsk_self)
    i.sys_UART_RxString                      0x0000180c   Section        0  sys_uart.o(i.sys_UART_RxString)
    i.sys_UART_TxString                      0x00001852   Section        0  sys_uart.o(i.sys_UART_TxString)
    i.uart_TxChar                            0x0000186c   Section        0  os_ex.o(i.uart_TxChar)
    i.uart_TxStr                             0x00001884   Section        0  os_ex.o(i.uart_TxStr)
    i.uart_init                              0x000018a0   Section        0  bord_1_m.o(i.uart_init)
    .constdata                               0x00001954   Section       40  rtx_conf_cm.o(.constdata)
    __tagsym$$used                           0x00001968   Number         0  rtx_conf_cm.o(.constdata)
    __tagsym$$used                           0x0000196c   Number         0  rtx_conf_cm.o(.constdata)
    .constdata                               0x0000197c   Section        9  uart.o(.constdata)
    .constdata                               0x00001988   Section       52  os_ex.o(.constdata)
    .constdata                               0x000019bc   Section       32  sys_uart.o(.constdata)
    .constdata                               0x000019dc   Section        4  rt_system.o(.constdata)
    __tagsym$$used                           0x000019dc   Number         0  rt_system.o(.constdata)
    .data                                    0x10000000   Section        4  system_lpc17xx.o(.data)
    .data                                    0x10000004   Section       16  bord_1_m.o(.data)
    .data                                    0x10000014   Section        8  rtx_conf_cm.o(.data)
    nr_mutex                                 0x10000018   Data           4  rtx_conf_cm.o(.data)
    .data                                    0x1000001c   Section        5  uart.o(.data)
    .data                                    0x10000024   Section        8  rt_task.o(.data)
    .data                                    0x1000002c   Section        1  hal_cm3.o(.data)
    .data                                    0x10000030   Section        8  rt_system.o(.data)
    os_lock                                  0x10000030   Data           1  rt_system.o(.data)
    os_psh_flag                              0x10000031   Data           1  rt_system.o(.data)
    pend_flags                               0x10000032   Data           1  rt_system.o(.data)
    .data                                    0x10000038   Section        8  rt_robin.o(.data)
    .data                                    0x10000040   Section        4  rt_time.o(.data)
    .data                                    0x10000044   Section        8  rt_timer.o(.data)
    .bss                                     0x1000004c   Section       50  bord_1_m.o(.bss)
    .bss                                     0x10000080   Section     4812  rtx_conf_cm.o(.bss)
    std_libspace                             0x1000108c   Data         576  rtx_conf_cm.o(.bss)
    std_libmutex                             0x100012cc   Data         128  rtx_conf_cm.o(.bss)
    .bss                                     0x1000134c   Section       56  rt_task.o(.bss)
    .bss                                     0x10001384   Section       48  rt_list.o(.bss)
    .bss                                     0x100013b4   Section       96  libspace.o(.bss)
    .bss                                     0x10001414   Section      228  rand.o(.bss)
    HEAP                                     0x100014f8   Section        0  startup_lpc17xx.o(HEAP)
    STACK                                    0x100014f8   Section      512  startup_lpc17xx.o(STACK)
    Heap_Mem                                 0x100014f8   Data           0  startup_lpc17xx.o(HEAP)
    Stack_Mem                                0x100014f8   Data         512  startup_lpc17xx.o(STACK)
    __initial_sp                             0x100016f8   Data           0  startup_lpc17xx.o(STACK)

    Global Symbols

    Symbol Name                              Value     Ov Type        Size  Object(Section)

    BuildAttributes$$THM_ISAv4$P$D$K$B$S$PE$A:L22UL41UL21$X:L11$S22US41US21$IEEE1$IW$USESV6$~STKCKD$USESV7$~SHL$OSPACE$ROPI$EBA8$UX$STANDARDLIB$REQ8$PRES8$EABIv2 0x00000000   Number         0  anon$$obj.o ABSOLUTE
    __ARM_use_no_argv                        0x00000000   Number         0  bord_1_m.o ABSOLUTE
    __Vectors                                0x00000000   Data           4  startup_lpc17xx.o(RESET)
    __ARM_exceptions_init                     - Undefined Weak Reference
    __alloca_initialize                       - Undefined Weak Reference
    __arm_preinit_                            - Undefined Weak Reference
    __cpp_initialize__aeabi_                  - Undefined Weak Reference
    __cxa_finalize                            - Undefined Weak Reference
    __rt_locale                               - Undefined Weak Reference
    __sigvec_lookup                           - Undefined Weak Reference
    _atexit_init                              - Undefined Weak Reference
    _call_atexit_fns                          - Undefined Weak Reference
    _clock_init                               - Undefined Weak Reference
    _fp_trap_init                             - Undefined Weak Reference
    _fp_trap_shutdown                         - Undefined Weak Reference
    _get_lc_collate                           - Undefined Weak Reference
    _get_lc_ctype                             - Undefined Weak Reference
    _get_lc_monetary                          - Undefined Weak Reference
    _get_lc_numeric                           - Undefined Weak Reference
    _get_lc_time                              - Undefined Weak Reference
    _getenv_init                              - Undefined Weak Reference
    _handle_redirection                       - Undefined Weak Reference
    _init_alloc                               - Undefined Weak Reference
    _init_user_alloc                          - Undefined Weak Reference
    _initio                                   - Undefined Weak Reference
    _signal_finish                            - Undefined Weak Reference
    _signal_init                              - Undefined Weak Reference
    _terminate_alloc                          - Undefined Weak Reference
    _terminate_user_alloc                     - Undefined Weak Reference
    _terminateio                              - Undefined Weak Reference
    __main                                   0x000000cd   Thumb Code     8  __main.o(!!!main)
    __scatterload                            0x000000d5   Thumb Code     0  __scatter.o(!!!scatter)
    __scatterload_rt2                        0x000000d5   Thumb Code    44  __scatter.o(!!!scatter)
    __scatterload_rt2_thumb_only             0x000000d5   Thumb Code     0  __scatter.o(!!!scatter)
    __scatterload_null                       0x000000e3   Thumb Code     0  __scatter.o(!!!scatter)
    __scatterload_copy                       0x00000109   Thumb Code    26  __scatter_copy.o(!!handler_copy)
    __scatterload_zeroinit                   0x00000125   Thumb Code    28  __scatter_zi.o(!!handler_zi)
    __rt_lib_init                            0x00000141   Thumb Code     0  libinit.o(.ARM.Collect$$libinit$$00000000)
    __rt_lib_init_fp_1                       0x00000143   Thumb Code     0  libinit2.o(.ARM.Collect$$libinit$$00000002)
    __rt_lib_init_heap_1                     0x00000143   Thumb Code     0  libinit2.o(.ARM.Collect$$libinit$$0000000A)
    __rt_lib_init_preinit_1                  0x00000143   Thumb Code     0  libinit2.o(.ARM.Collect$$libinit$$00000004)
    __rt_lib_init_rand_2                     0x00000143   Thumb Code     0  libinit2.o(.ARM.Collect$$libinit$$0000000D)
    __rt_lib_init_user_alloc_1               0x00000143   Thumb Code     0  libinit2.o(.ARM.Collect$$libinit$$0000000C)
    __rt_lib_init_alloca_1                   0x00000147   Thumb Code     0  libinit2.o(.ARM.Collect$$libinit$$0000002E)
    __rt_lib_init_argv_1                     0x00000147   Thumb Code     0  libinit2.o(.ARM.Collect$$libinit$$0000002C)
    __rt_lib_init_atexit_1                   0x00000147   Thumb Code     0  libinit2.o(.ARM.Collect$$libinit$$0000001B)
    __rt_lib_init_clock_1                    0x00000147   Thumb Code     0  libinit2.o(.ARM.Collect$$libinit$$00000021)
    __rt_lib_init_cpp_1                      0x00000147   Thumb Code     0  libinit2.o(.ARM.Collect$$libinit$$00000032)
    __rt_lib_init_exceptions_1               0x00000147   Thumb Code     0  libinit2.o(.ARM.Collect$$libinit$$00000030)
    __rt_lib_init_fp_trap_1                  0x00000147   Thumb Code     0  libinit2.o(.ARM.Collect$$libinit$$0000001F)
    __rt_lib_init_getenv_1                   0x00000147   Thumb Code     0  libinit2.o(.ARM.Collect$$libinit$$00000023)
    __rt_lib_init_lc_collate_1               0x00000147   Thumb Code     0  libinit2.o(.ARM.Collect$$libinit$$00000011)
    __rt_lib_init_lc_ctype_1                 0x00000147   Thumb Code     0  libinit2.o(.ARM.Collect$$libinit$$00000013)
    __rt_lib_init_lc_monetary_1              0x00000147   Thumb Code     0  libinit2.o(.ARM.Collect$$libinit$$00000015)
    __rt_lib_init_lc_numeric_1               0x00000147   Thumb Code     0  libinit2.o(.ARM.Collect$$libinit$$00000017)
    __rt_lib_init_lc_time_1                  0x00000147   Thumb Code     0  libinit2.o(.ARM.Collect$$libinit$$00000019)
    __rt_lib_init_rand_1                     0x00000147   Thumb Code     0  libinit2.o(.ARM.Collect$$libinit$$0000000E)
    __rt_lib_init_return                     0x00000147   Thumb Code     0  libinit2.o(.ARM.Collect$$libinit$$00000033)
    __rt_lib_init_signal_1                   0x00000147   Thumb Code     0  libinit2.o(.ARM.Collect$$libinit$$0000001D)
    __rt_lib_init_stdio_1                    0x00000147   Thumb Code     0  libinit2.o(.ARM.Collect$$libinit$$00000025)
    __rt_lib_shutdown                        0x00000149   Thumb Code     0  libshutdown.o(.ARM.Collect$$libshutdown$$00000000)
    __rt_lib_shutdown_cpp_1                  0x0000014b   Thumb Code     0  libshutdown2.o(.ARM.Collect$$libshutdown$$00000002)
    __rt_lib_shutdown_fp_trap_1              0x0000014b   Thumb Code     0  libshutdown2.o(.ARM.Collect$$libshutdown$$00000007)
    __rt_lib_shutdown_heap_1                 0x0000014b   Thumb Code     0  libshutdown2.o(.ARM.Collect$$libshutdown$$0000000F)
    __rt_lib_shutdown_return                 0x0000014b   Thumb Code     0  libshutdown2.o(.ARM.Collect$$libshutdown$$00000010)
    __rt_lib_shutdown_signal_1               0x0000014b   Thumb Code     0  libshutdown2.o(.ARM.Collect$$libshutdown$$0000000A)
    __rt_lib_shutdown_stdio_1                0x0000014b   Thumb Code     0  libshutdown2.o(.ARM.Collect$$libshutdown$$00000004)
    __rt_lib_shutdown_user_alloc_1           0x0000014b   Thumb Code     0  libshutdown2.o(.ARM.Collect$$libshutdown$$0000000C)
    __rt_entry                               0x0000014d   Thumb Code     0  __rtentry.o(.ARM.Collect$$rtentry$$00000000)
    __rt_entry_presh_1                       0x0000014d   Thumb Code     0  __rtentry2.o(.ARM.Collect$$rtentry$$00000002)
    __rt_entry_sh                            0x0000014d   Thumb Code     0  __rtentry4.o(.ARM.Collect$$rtentry$$00000004)
    __rt_entry_li                            0x00000153   Thumb Code     0  __rtentry2.o(.ARM.Collect$$rtentry$$0000000A)
    __rt_entry_postsh_1                      0x00000153   Thumb Code     0  __rtentry2.o(.ARM.Collect$$rtentry$$00000009)
    __rt_entry_main                          0x00000157   Thumb Code     0  __rtentry2.o(.ARM.Collect$$rtentry$$0000000D)
    __rt_entry_postli_1                      0x00000157   Thumb Code     0  __rtentry2.o(.ARM.Collect$$rtentry$$0000000C)
    __rt_exit                                0x0000015f   Thumb Code     0  rtexit.o(.ARM.Collect$$rtexit$$00000000)
    __rt_exit_ls                             0x00000161   Thumb Code     0  rtexit2.o(.ARM.Collect$$rtexit$$00000003)
    __rt_exit_prels_1                        0x00000161   Thumb Code     0  rtexit2.o(.ARM.Collect$$rtexit$$00000002)
    __rt_exit_exit                           0x00000165   Thumb Code     0  rtexit2.o(.ARM.Collect$$rtexit$$00000004)
    rt_set_PSP                               0x0000016d   Thumb Code     6  hal_cm3.o(.emb_text)
    rt_get_PSP                               0x00000173   Thumb Code     6  hal_cm3.o(.emb_text)
    os_set_env                               0x00000179   Thumb Code    24  hal_cm3.o(.emb_text)
    _alloc_box                               0x00000195   Thumb Code    28  hal_cm3.o(.emb_text)
    _free_box                                0x000001b5   Thumb Code    28  hal_cm3.o(.emb_text)
    SVC_Handler                              0x000001d5   Thumb Code   124  hal_cm3.o(.emb_text)
    PendSV_Handler                           0x0000025d   Thumb Code    76  hal_cm3.o(.emb_text)
    SysTick_Handler                          0x000002ad   Thumb Code     8  hal_cm3.o(.emb_text)
    OS_Tick_Handler                          0x000002b5   Thumb Code    12  hal_cm3.o(.emb_text)
    Reset_Handler                            0x000002c1   Thumb Code     8  startup_lpc17xx.o(.text)
    NMI_Handler                              0x000002c9   Thumb Code     2  startup_lpc17xx.o(.text)
    HardFault_Handler                        0x000002cb   Thumb Code     2  startup_lpc17xx.o(.text)
    MemManage_Handler                        0x000002cd   Thumb Code     2  startup_lpc17xx.o(.text)
    BusFault_Handler                         0x000002cf   Thumb Code     2  startup_lpc17xx.o(.text)
    UsageFault_Handler                       0x000002d1   Thumb Code     2  startup_lpc17xx.o(.text)
    DebugMon_Handler                         0x000002d5   Thumb Code     2  startup_lpc17xx.o(.text)
    ADC_IRQHandler                           0x000002db   Thumb Code     0  startup_lpc17xx.o(.text)
    BOD_IRQHandler                           0x000002db   Thumb Code     0  startup_lpc17xx.o(.text)
    CANActivity_IRQHandler                   0x000002db   Thumb Code     0  startup_lpc17xx.o(.text)
    CAN_IRQHandler                           0x000002db   Thumb Code     0  startup_lpc17xx.o(.text)
    DMA_IRQHandler                           0x000002db   Thumb Code     0  startup_lpc17xx.o(.text)
    EINT0_IRQHandler                         0x000002db   Thumb Code     0  startup_lpc17xx.o(.text)
    EINT1_IRQHandler                         0x000002db   Thumb Code     0  startup_lpc17xx.o(.text)
    EINT2_IRQHandler                         0x000002db   Thumb Code     0  startup_lpc17xx.o(.text)
    EINT3_IRQHandler                         0x000002db   Thumb Code     0  startup_lpc17xx.o(.text)
    ENET_IRQHandler                          0x000002db   Thumb Code     0  startup_lpc17xx.o(.text)
    I2C0_IRQHandler                          0x000002db   Thumb Code     0  startup_lpc17xx.o(.text)
    I2C1_IRQHandler                          0x000002db   Thumb Code     0  startup_lpc17xx.o(.text)
    I2C2_IRQHandler                          0x000002db   Thumb Code     0  startup_lpc17xx.o(.text)
    I2S_IRQHandler                           0x000002db   Thumb Code     0  startup_lpc17xx.o(.text)
    MCPWM_IRQHandler                         0x000002db   Thumb Code     0  startup_lpc17xx.o(.text)
    PLL0_IRQHandler                          0x000002db   Thumb Code     0  startup_lpc17xx.o(.text)
    PLL1_IRQHandler                          0x000002db   Thumb Code     0  startup_lpc17xx.o(.text)
    PWM1_IRQHandler                          0x000002db   Thumb Code     0  startup_lpc17xx.o(.text)
    QEI_IRQHandler                           0x000002db   Thumb Code     0  startup_lpc17xx.o(.text)
    RIT_IRQHandler                           0x000002db   Thumb Code     0  startup_lpc17xx.o(.text)
    RTC_IRQHandler                           0x000002db   Thumb Code     0  startup_lpc17xx.o(.text)
    SPI_IRQHandler                           0x000002db   Thumb Code     0  startup_lpc17xx.o(.text)
    SSP0_IRQHandler                          0x000002db   Thumb Code     0  startup_lpc17xx.o(.text)
    SSP1_IRQHandler                          0x000002db   Thumb Code     0  startup_lpc17xx.o(.text)
    TIMER0_IRQHandler                        0x000002db   Thumb Code     0  startup_lpc17xx.o(.text)
    TIMER1_IRQHandler                        0x000002db   Thumb Code     0  startup_lpc17xx.o(.text)
    TIMER2_IRQHandler                        0x000002db   Thumb Code     0  startup_lpc17xx.o(.text)
    TIMER3_IRQHandler                        0x000002db   Thumb Code     0  startup_lpc17xx.o(.text)
    UART0_IRQHandler                         0x000002db   Thumb Code     0  startup_lpc17xx.o(.text)
    UART1_IRQHandler                         0x000002db   Thumb Code     0  startup_lpc17xx.o(.text)
    UART2_IRQHandler                         0x000002db   Thumb Code     0  startup_lpc17xx.o(.text)
    UART3_IRQHandler                         0x000002db   Thumb Code     0  startup_lpc17xx.o(.text)
    USBActivity_IRQHandler                   0x000002db   Thumb Code     0  startup_lpc17xx.o(.text)
    USB_IRQHandler                           0x000002db   Thumb Code     0  startup_lpc17xx.o(.text)
    WDT_IRQHandler                           0x000002db   Thumb Code     0  startup_lpc17xx.o(.text)
    __user_initial_stackheap                 0x000002dd   Thumb Code     0  startup_lpc17xx.o(.text)
    __user_libspace                          0x00000301   Thumb Code     8  libspace.o(.text)
    __user_perproc_libspace                  0x00000301   Thumb Code     0  libspace.o(.text)
    srand                                    0x00000309   Thumb Code    42  rand.o(.text)
    _rand_init                               0x00000333   Thumb Code     4  rand.o(.text)
    __aeabi_memcpy4                          0x00000345   Thumb Code     0  rt_memcpy_w.o(.text)
    __aeabi_memcpy8                          0x00000345   Thumb Code     0  rt_memcpy_w.o(.text)
    __rt_memcpy_w                            0x00000345   Thumb Code   100  rt_memcpy_w.o(.text)
    _memcpy_lastbytes_aligned                0x0000038d   Thumb Code     0  rt_memcpy_w.o(.text)
    strcmp                                   0x000003a9   Thumb Code   128  strcmpv7m.o(.text)
    __use_two_region_memory                  0x00000429   Thumb Code     2  heapauxi.o(.text)
    __rt_heap_escrow$2region                 0x0000042b   Thumb Code     2  heapauxi.o(.text)
    __rt_heap_expand$2region                 0x0000042d   Thumb Code     2  heapauxi.o(.text)
    __user_setup_stackheap                   0x0000042f   Thumb Code    74  sys_stackheap_outer.o(.text)
    __RL_RTX_VER                             0x00000475   Number         0  rt_system.o ABSOLUTE
    exit                                     0x00000479   Thumb Code    18  exit.o(.text)
    _sys_exit                                0x0000048d   Thumb Code     8  sys_exit.o(.text)
    __I$use$semihosting                      0x00000499   Thumb Code     0  use_no_semi.o(.text)
    __use_no_semihosting_swi                 0x00000499   Thumb Code     2  use_no_semi.o(.text)
    __semihosting_library_function           0x0000049b   Thumb Code     0  indicate_semi.o(.text)
    SVC_Count                                0x0000049c   Data           4  svc_table.o(SVC_TABLE)
    DELAY_ms                                 0x000004a1   Thumb Code    22  delay.o(i.DELAY_ms)
    SVC_Table                                0x000004a0   Data           0  svc_table.o(SVC_TABLE)
    DELAY_us                                 0x000004b7   Thumb Code    26  delay.o(i.DELAY_us)
    Encrypt                                  0x000004d1   Thumb Code    82  os_ex.o(i.Encrypt)
    Extract_Cmd                              0x0000058d   Thumb Code   242  os_ex.o(i.Extract_Cmd)
    GPIO_PinFunction                         0x000006c1   Thumb Code    68  gpio.o(i.GPIO_PinFunction)
    SystemInit                               0x00000709   Thumb Code   302  system_lpc17xx.o(i.SystemInit)
    UART_Init                                0x00000845   Thumb Code   108  sys_uart.o(i.UART_Init)
    UART_RxChar                              0x000008b9   Thumb Code    40  sys_uart.o(i.UART_RxChar)
    UART_RxString                            0x000008e5   Thumb Code    98  uart.o(i.UART_RxString)
    UART_SetBaudRate                         0x00000951   Thumb Code   118  sys_uart.o(i.UART_SetBaudRate)
    UART_TxChar                              0x000009d5   Thumb Code    38  sys_uart.o(i.UART_TxChar)
    UART_TxString                            0x00000a01   Thumb Code   272  uart.o(i.UART_TxString)
    _init_box                                0x00000b19   Thumb Code    70  rt_membox.o(i._init_box)
    _mutex_acquire                           0x00000b61   Thumb Code    26  rtx_conf_cm.o(i._mutex_acquire)
    _mutex_release                           0x00000b81   Thumb Code    22  rtx_conf_cm.o(i._mutex_release)
    check                                    0x00000b9d   Thumb Code    14  os_ex.o(i.check)
    dbg_init                                 0x00000bc1   Thumb Code    34  hal_cm3.o(i.dbg_init)
    dbg_task_notify                          0x00000bf1   Thumb Code    32  hal_cm3.o(i.dbg_task_notify)
    dbg_task_switch                          0x00000c11   Thumb Code    16  hal_cm3.o(i.dbg_task_switch)
    echo                                     0x00000c21   Thumb Code    20  os_ex.o(i.echo)
    help                                     0x00000c35   Thumb Code    20  os_ex.o(i.help)
    job1                                     0x00000c7d   Thumb Code   122  bord_1_m.o(i.job1)
    job2                                     0x00000d4d   Thumb Code    44  bord_1_m.o(i.job2)
    main                                     0x00000d8d   Thumb Code    22  bord_1_m.o(i.main)
    os_error                                 0x00000dad   Thumb Code     4  rtx_conf_cm.o(i.os_error)
    os_idle_demon                            0x00000db1   Thumb Code     4  rtx_conf_cm.o(i.os_idle_demon)
    os_tick_init                             0x00000db5   Thumb Code    32  rt_system.o(i.os_tick_init)
    os_tick_irqack                           0x00000ddd   Thumb Code     2  rt_system.o(i.os_tick_irqack)
    os_tmr_call                              0x00000ddf   Thumb Code     2  rtx_conf_cm.o(i.os_tmr_call)
    rt_alloc_box                             0x00000de1   Thumb Code    26  rt_membox.o(i.rt_alloc_box)
    rt_block                                 0x00000dfd   Thumb Code    48  rt_task.o(i.rt_block)
    rt_chk_robin                             0x00000e35   Thumb Code    60  rt_robin.o(i.rt_chk_robin)
    rt_dec_dly                               0x00000e7d   Thumb Code   106  rt_list.o(i.rt_dec_dly)
    rt_dispatch                              0x00000ef1   Thumb Code    60  rt_task.o(i.rt_dispatch)
    rt_evt_psh                               0x00000f35   Thumb Code    72  rt_event.o(i.rt_evt_psh)
    rt_free_box                              0x00000f81   Thumb Code    32  rt_membox.o(i.rt_free_box)
    rt_get_first                             0x00000fa1   Thumb Code    40  rt_list.o(i.rt_get_first)
    rt_get_same_rdy_prio                     0x00000fc9   Thumb Code    26  rt_list.o(i.rt_get_same_rdy_prio)
    rt_init_robin                            0x00001039   Thumb Code    14  rt_robin.o(i.rt_init_robin)
    rt_init_stack                            0x00001051   Thumb Code    70  hal_cm3.o(i.rt_init_stack)
    rt_mbx_psh                               0x000010a1   Thumb Code   206  rt_mailbox.o(i.rt_mbx_psh)
    rt_mut_release                           0x00001175   Thumb Code   220  rt_mutex.o(i.rt_mut_release)
    rt_mut_wait                              0x00001259   Thumb Code   100  rt_mutex.o(i.rt_mut_wait)
    rt_pop_req                               0x000012c1   Thumb Code   112  rt_system.o(i.rt_pop_req)
    rt_put_dly                               0x0000133d   Thumb Code    68  rt_list.o(i.rt_put_dly)
    rt_put_prio                              0x00001385   Thumb Code    54  rt_list.o(i.rt_put_prio)
    rt_put_rdy_first                         0x000013bd   Thumb Code    14  rt_list.o(i.rt_put_rdy_first)
    rt_resort_prio                           0x000013d1   Thumb Code    46  rt_list.o(i.rt_resort_prio)
    rt_rmv_dly                               0x00001405   Thumb Code    40  rt_list.o(i.rt_rmv_dly)
    rt_rmv_list                              0x0000142d   Thumb Code    44  rt_list.o(i.rt_rmv_list)
    rt_sem_psh                               0x0000145d   Thumb Code    46  rt_semaphore.o(i.rt_sem_psh)
    rt_stk_check                             0x00001491   Thumb Code    28  rt_system.o(i.rt_stk_check)
    rt_switch_req                            0x000014b5   Thumb Code    30  rt_task.o(i.rt_switch_req)
    rt_sys_init                              0x000014dd   Thumb Code   268  rt_task.o(i.rt_sys_init)
    rt_systick                               0x00001631   Thumb Code    50  rt_system.o(i.rt_systick)
    rt_tmr_tick                              0x00001671   Thumb Code    56  rt_timer.o(i.rt_tmr_tick)
    rt_tsk_create                            0x000016b1   Thumb Code   122  rt_task.o(i.rt_tsk_create)
    rt_tsk_pass                              0x00001741   Thumb Code    38  rt_task.o(i.rt_tsk_pass)
    rt_tsk_prio                              0x00001771   Thumb Code   122  rt_task.o(i.rt_tsk_prio)
    rt_tsk_self                              0x000017fd   Thumb Code    12  rt_task.o(i.rt_tsk_self)
    sys_UART_RxString                        0x0000180d   Thumb Code    70  sys_uart.o(i.sys_UART_RxString)
    sys_UART_TxString                        0x00001853   Thumb Code    26  sys_uart.o(i.sys_UART_TxString)
    uart_TxChar                              0x0000186d   Thumb Code    20  os_ex.o(i.uart_TxChar)
    uart_TxStr                               0x00001885   Thumb Code    26  os_ex.o(i.uart_TxStr)
    uart_init                                0x000018a1   Thumb Code   162  bord_1_m.o(i.uart_init)
    os_maxtaskrun                            0x00001954   Data           2  rtx_conf_cm.o(.constdata)
    os_stackinfo                             0x00001958   Data           4  rtx_conf_cm.o(.constdata)
    os_rrobin                                0x0000195c   Data           4  rtx_conf_cm.o(.constdata)
    os_trv                                   0x00001960   Data           4  rtx_conf_cm.o(.constdata)
    os_flags                                 0x00001964   Data           1  rtx_conf_cm.o(.constdata)
    os_clockrate                             0x00001968   Data           4  rtx_conf_cm.o(.constdata)
    os_timernum                              0x0000196c   Data           4  rtx_conf_cm.o(.constdata)
    mp_tcb_size                              0x00001970   Data           2  rtx_conf_cm.o(.constdata)
    mp_stk_size                              0x00001974   Data           4  rtx_conf_cm.o(.constdata)
    os_fifo_size                             0x00001978   Data           1  rtx_conf_cm.o(.constdata)
    mp_tmr_size                              0x0000197a   Data           2  rtx_conf_cm.o(.constdata)
    UartConfig                               0x000019bc   Data          32  sys_uart.o(.constdata)
    RL_RTX_Version                           0x000019dc   Data           4  rt_system.o(.constdata)
    Region$$Table$$Base                      0x000019e0   Number         0  anon$$obj.o(Region$$Table)
    Region$$Table$$Limit                     0x00001a00   Number         0  anon$$obj.o(Region$$Table)
    SystemCoreClock                          0x10000000   Data           4  system_lpc17xx.o(.data)
    Rx_flag                                  0x10000004   Data           1  bord_1_m.o(.data)
    En_flag                                  0x10000005   Data           1  bord_1_m.o(.data)
    len                                      0x10000006   Data           1  bord_1_m.o(.data)
    tsk1                                     0x10000008   Data           4  bord_1_m.o(.data)
    tsk2                                     0x1000000c   Data           4  bord_1_m.o(.data)
    tsk3                                     0x10000010   Data           4  bord_1_m.o(.data)
    m_tmr                                    0x10000014   Data           4  rtx_conf_cm.o(.data)
    dat                                      0x1000001c   Data           5  uart.o(.data)
    os_tsk                                   0x10000024   Data           8  rt_task.o(.data)
    dbg_msg                                  0x1000002c   Data           1  hal_cm3.o(.data)
    os_tick_irqn                             0x10000034   Data           4  rt_system.o(.data)
    os_robin                                 0x10000038   Data           8  rt_robin.o(.data)
    os_time                                  0x10000040   Data           4  rt_time.o(.data)
    os_tmr                                   0x10000044   Data           8  rt_timer.o(.data)
    Rx_Cmd                                   0x1000004c   Data          50  bord_1_m.o(.bss)
    mp_tcb                                   0x10000080   Data         348  rtx_conf_cm.o(.bss)
    mp_stk                                   0x100001e0   Data        3600  rtx_conf_cm.o(.bss)
    os_fifo                                  0x10000ff0   Data         132  rtx_conf_cm.o(.bss)
    os_active_TCB                            0x10001074   Data          24  rtx_conf_cm.o(.bss)
    os_idle_TCB                              0x1000134c   Data          56  rt_task.o(.bss)
    os_rdy                                   0x10001384   Data          24  rt_list.o(.bss)
    os_dly                                   0x1000139c   Data          24  rt_list.o(.bss)
    __libspace_start                         0x100013b4   Data          96  libspace.o(.bss)
    __temporary_stack_top$libspace           0x10001414   Data           0  libspace.o(.bss)
    _random_number_data                      0x10001414   Data         228  rand.o(.bss)



==============================================================================

Memory Map of the image

  Image Entry point : 0x000000cd

  Load Region LR_IROM1 (Base: 0x00000000, Size: 0x00001a4c, Max: 0x00080000, ABSOLUTE)

    Execution Region ER_IROM1 (Base: 0x00000000, Size: 0x00001a00, Max: 0x00080000, ABSOLUTE)

    Base Addr    Size         Type   Attr      Idx    E Section Name        Object

    0x00000000   0x000000cc   Data   RO            3    RESET               startup_lpc17xx.o
    0x000000cc   0x00000008   Code   RO         1052  * !!!main             c_w.l(__main.o)
    0x000000d4   0x00000034   Code   RO         1216    !!!scatter          c_w.l(__scatter.o)
    0x00000108   0x0000001a   Code   RO         1218    !!handler_copy      c_w.l(__scatter_copy.o)
    0x00000122   0x00000002   PAD
    0x00000124   0x0000001c   Code   RO         1220    !!handler_zi        c_w.l(__scatter_zi.o)
    0x00000140   0x00000002   Code   RO         1142    .ARM.Collect$$libinit$$00000000  c_w.l(libinit.o)
    0x00000142   0x00000000   Code   RO         1060    .ARM.Collect$$libinit$$00000002  c_w.l(libinit2.o)
    0x00000142   0x00000000   Code   RO         1062    .ARM.Collect$$libinit$$00000004  c_w.l(libinit2.o)
    0x00000142   0x00000000   Code   RO         1065    .ARM.Collect$$libinit$$0000000A  c_w.l(libinit2.o)
    0x00000142   0x00000000   Code   RO         1067    .ARM.Collect$$libinit$$0000000C  c_w.l(libinit2.o)
    0x00000142   0x00000004   Code   RO         1068    .ARM.Collect$$libinit$$0000000D  c_w.l(libinit2.o)
    0x00000146   0x00000000   Code   RO         1069    .ARM.Collect$$libinit$$0000000E  c_w.l(libinit2.o)
    0x00000146   0x00000000   Code   RO         1072    .ARM.Collect$$libinit$$00000011  c_w.l(libinit2.o)
    0x00000146   0x00000000   Code   RO         1074    .ARM.Collect$$libinit$$00000013  c_w.l(libinit2.o)
    0x00000146   0x00000000   Code   RO         1076    .ARM.Collect$$libinit$$00000015  c_w.l(libinit2.o)
    0x00000146   0x00000000   Code   RO         1078    .ARM.Collect$$libinit$$00000017  c_w.l(libinit2.o)
    0x00000146   0x00000000   Code   RO         1080    .ARM.Collect$$libinit$$00000019  c_w.l(libinit2.o)
    0x00000146   0x00000000   Code   RO         1082    .ARM.Collect$$libinit$$0000001B  c_w.l(libinit2.o)
    0x00000146   0x00000000   Code   RO         1084    .ARM.Collect$$libinit$$0000001D  c_w.l(libinit2.o)
    0x00000146   0x00000000   Code   RO         1086    .ARM.Collect$$libinit$$0000001F  c_w.l(libinit2.o)
    0x00000146   0x00000000   Code   RO         1088    .ARM.Collect$$libinit$$00000021  c_w.l(libinit2.o)
    0x00000146   0x00000000   Code   RO         1090    .ARM.Collect$$libinit$$00000023  c_w.l(libinit2.o)
    0x00000146   0x00000000   Code   RO         1092    .ARM.Collect$$libinit$$00000025  c_w.l(libinit2.o)
    0x00000146   0x00000000   Code   RO         1096    .ARM.Collect$$libinit$$0000002C  c_w.l(libinit2.o)
    0x00000146   0x00000000   Code   RO         1098    .ARM.Collect$$libinit$$0000002E  c_w.l(libinit2.o)
    0x00000146   0x00000000   Code   RO         1100    .ARM.Collect$$libinit$$00000030  c_w.l(libinit2.o)
    0x00000146   0x00000000   Code   RO         1102    .ARM.Collect$$libinit$$00000032  c_w.l(libinit2.o)
    0x00000146   0x00000002   Code   RO         1103    .ARM.Collect$$libinit$$00000033  c_w.l(libinit2.o)
    0x00000148   0x00000002   Code   RO         1183    .ARM.Collect$$libshutdown$$00000000  c_w.l(libshutdown.o)
    0x0000014a   0x00000000   Code   RO         1199    .ARM.Collect$$libshutdown$$00000002  c_w.l(libshutdown2.o)
    0x0000014a   0x00000000   Code   RO         1201    .ARM.Collect$$libshutdown$$00000004  c_w.l(libshutdown2.o)
    0x0000014a   0x00000000   Code   RO         1204    .ARM.Collect$$libshutdown$$00000007  c_w.l(libshutdown2.o)
    0x0000014a   0x00000000   Code   RO         1207    .ARM.Collect$$libshutdown$$0000000A  c_w.l(libshutdown2.o)
    0x0000014a   0x00000000   Code   RO         1209    .ARM.Collect$$libshutdown$$0000000C  c_w.l(libshutdown2.o)
    0x0000014a   0x00000000   Code   RO         1212    .ARM.Collect$$libshutdown$$0000000F  c_w.l(libshutdown2.o)
    0x0000014a   0x00000002   Code   RO         1213    .ARM.Collect$$libshutdown$$00000010  c_w.l(libshutdown2.o)
    0x0000014c   0x00000000   Code   RO         1054    .ARM.Collect$$rtentry$$00000000  c_w.l(__rtentry.o)
    0x0000014c   0x00000000   Code   RO         1105    .ARM.Collect$$rtentry$$00000002  c_w.l(__rtentry2.o)
    0x0000014c   0x00000006   Code   RO         1117    .ARM.Collect$$rtentry$$00000004  c_w.l(__rtentry4.o)
    0x00000152   0x00000000   Code   RO         1107    .ARM.Collect$$rtentry$$00000009  c_w.l(__rtentry2.o)
    0x00000152   0x00000004   Code   RO         1108    .ARM.Collect$$rtentry$$0000000A  c_w.l(__rtentry2.o)
    0x00000156   0x00000000   Code   RO         1110    .ARM.Collect$$rtentry$$0000000C  c_w.l(__rtentry2.o)
    0x00000156   0x00000008   Code   RO         1111    .ARM.Collect$$rtentry$$0000000D  c_w.l(__rtentry2.o)
    0x0000015e   0x00000002   Code   RO         1145    .ARM.Collect$$rtexit$$00000000  c_w.l(rtexit.o)
    0x00000160   0x00000000   Code   RO         1165    .ARM.Collect$$rtexit$$00000002  c_w.l(rtexit2.o)
    0x00000160   0x00000004   Code   RO         1166    .ARM.Collect$$rtexit$$00000003  c_w.l(rtexit2.o)
    0x00000164   0x00000006   Code   RO         1167    .ARM.Collect$$rtexit$$00000004  c_w.l(rtexit2.o)
    0x0000016a   0x00000002   PAD
    0x0000016c   0x00000154   Code   RO          585    .emb_text           RTX_CM3.LIB(hal_cm3.o)
    0x000002c0   0x0000003c   Code   RO            5    .text               startup_lpc17xx.o
    0x000002fc   0x00000004   Code   RO            4    .ARM.__at_0x02FC    startup_lpc17xx.o
    0x00000300   0x00000008   Code   RO         1036    .text               c_w.l(libspace.o)
    0x00000308   0x0000003c   Code   RO         1042    .text               c_w.l(rand.o)
    0x00000344   0x00000064   Code   RO         1046    .text               c_w.l(rt_memcpy_w.o)
    0x000003a8   0x00000080   Code   RO         1048    .text               c_w.l(strcmpv7m.o)
    0x00000428   0x00000006   Code   RO         1050    .text               c_w.l(heapauxi.o)
    0x0000042e   0x0000004a   Code   RO         1125    .text               c_w.l(sys_stackheap_outer.o)
    0x00000478   0x00000012   Code   RO         1127    .text               c_w.l(exit.o)
    0x0000048a   0x00000002   PAD
    0x0000048c   0x0000000c   Code   RO         1159    .text               c_w.l(sys_exit.o)
    0x00000498   0x00000002   Code   RO         1161    .text               c_w.l(use_no_semi.o)
    0x0000049a   0x00000000   Code   RO         1163    .text               c_w.l(indicate_semi.o)
    0x0000049a   0x00000002   PAD
    0x0000049c   0x00000004   Code   RO          845    SVC_TABLE           RTX_CM3.LIB(svc_table.o)
    0x000004a0   0x00000016   Code   RO          428    i.DELAY_ms          delay.o
    0x000004b6   0x0000001a   Code   RO          430    i.DELAY_us          delay.o
    0x000004d0   0x000000bc   Code   RO          295    i.Encrypt           os_ex.o
    0x0000058c   0x00000134   Code   RO          296    i.Extract_Cmd       os_ex.o
    0x000006c0   0x00000048   Code   RO          249    i.GPIO_PinFunction  gpio.o
    0x00000708   0x0000013c   Code   RO           16    i.SystemInit        system_lpc17xx.o
    0x00000844   0x00000074   Code   RO          372    i.UART_Init         sys_uart.o
    0x000008b8   0x0000002c   Code   RO          373    i.UART_RxChar       sys_uart.o
    0x000008e4   0x0000006c   Code   RO          192    i.UART_RxString     uart.o
    0x00000950   0x00000084   Code   RO          374    i.UART_SetBaudRate  sys_uart.o
    0x000009d4   0x0000002c   Code   RO          375    i.UART_TxChar       sys_uart.o
    0x00000a00   0x00000118   Code   RO          193    i.UART_TxString     uart.o
    0x00000b18   0x00000046   Code   RO          812    i._init_box         RTX_CM3.LIB(rt_membox.o)
    0x00000b5e   0x00000002   PAD
    0x00000b60   0x00000020   Code   RO          134    i._mutex_acquire    rtx_conf_cm.o
    0x00000b80   0x0000001c   Code   RO          136    i._mutex_release    rtx_conf_cm.o
    0x00000b9c   0x00000024   Code   RO          297    i.check             os_ex.o
    0x00000bc0   0x00000030   Code   RO          586    i.dbg_init          RTX_CM3.LIB(hal_cm3.o)
    0x00000bf0   0x00000020   Code   RO          587    i.dbg_task_notify   RTX_CM3.LIB(hal_cm3.o)
    0x00000c10   0x00000010   Code   RO          588    i.dbg_task_switch   RTX_CM3.LIB(hal_cm3.o)
    0x00000c20   0x00000014   Code   RO          298    i.echo              os_ex.o
    0x00000c34   0x00000048   Code   RO          299    i.help              os_ex.o
    0x00000c7c   0x000000d0   Code   RO           64    i.job1              bord_1_m.o
    0x00000d4c   0x00000040   Code   RO           65    i.job2              bord_1_m.o
    0x00000d8c   0x00000020   Code   RO           66    i.main              bord_1_m.o
    0x00000dac   0x00000004   Code   RO          137    i.os_error          rtx_conf_cm.o
    0x00000db0   0x00000004   Code   RO          138    i.os_idle_demon     rtx_conf_cm.o
    0x00000db4   0x00000028   Code   RO          627    i.os_tick_init      RTX_CM3.LIB(rt_system.o)
    0x00000ddc   0x00000002   Code   RO          628    i.os_tick_irqack    RTX_CM3.LIB(rt_system.o)
    0x00000dde   0x00000002   Code   RO          139    i.os_tmr_call       rtx_conf_cm.o
    0x00000de0   0x0000001a   Code   RO          813    i.rt_alloc_box      RTX_CM3.LIB(rt_membox.o)
    0x00000dfa   0x00000002   PAD
    0x00000dfc   0x00000038   Code   RO          458    i.rt_block          RTX_CM3.LIB(rt_task.o)
    0x00000e34   0x00000048   Code   RO          790    i.rt_chk_robin      RTX_CM3.LIB(rt_robin.o)
    0x00000e7c   0x00000074   Code   RO          711    i.rt_dec_dly        RTX_CM3.LIB(rt_list.o)
    0x00000ef0   0x00000044   Code   RO          459    i.rt_dispatch       RTX_CM3.LIB(rt_task.o)
    0x00000f34   0x0000004c   Code   RO          851    i.rt_evt_psh        RTX_CM3.LIB(rt_event.o)
    0x00000f80   0x00000020   Code   RO          814    i.rt_free_box       RTX_CM3.LIB(rt_membox.o)
    0x00000fa0   0x00000028   Code   RO          712    i.rt_get_first      RTX_CM3.LIB(rt_list.o)
    0x00000fc8   0x00000024   Code   RO          713    i.rt_get_same_rdy_prio  RTX_CM3.LIB(rt_list.o)
    0x00000fec   0x0000004c   Code   RO          460    i.rt_init_context   RTX_CM3.LIB(rt_task.o)
    0x00001038   0x00000018   Code   RO          791    i.rt_init_robin     RTX_CM3.LIB(rt_robin.o)
    0x00001050   0x00000050   Code   RO          589    i.rt_init_stack     RTX_CM3.LIB(hal_cm3.o)
    0x000010a0   0x000000d4   Code   RO          894    i.rt_mbx_psh        RTX_CM3.LIB(rt_mailbox.o)
    0x00001174   0x000000e4   Code   RO          558    i.rt_mut_release    RTX_CM3.LIB(rt_mutex.o)
    0x00001258   0x00000068   Code   RO          559    i.rt_mut_wait       RTX_CM3.LIB(rt_mutex.o)
    0x000012c0   0x0000007c   Code   RO          629    i.rt_pop_req        RTX_CM3.LIB(rt_system.o)
    0x0000133c   0x00000048   Code   RO          715    i.rt_put_dly        RTX_CM3.LIB(rt_list.o)
    0x00001384   0x00000036   Code   RO          716    i.rt_put_prio       RTX_CM3.LIB(rt_list.o)
    0x000013ba   0x00000002   PAD
    0x000013bc   0x00000014   Code   RO          717    i.rt_put_rdy_first  RTX_CM3.LIB(rt_list.o)
    0x000013d0   0x00000034   Code   RO          718    i.rt_resort_prio    RTX_CM3.LIB(rt_list.o)
    0x00001404   0x00000028   Code   RO          719    i.rt_rmv_dly        RTX_CM3.LIB(rt_list.o)
    0x0000142c   0x00000030   Code   RO          720    i.rt_rmv_list       RTX_CM3.LIB(rt_list.o)
    0x0000145c   0x00000034   Code   RO          940    i.rt_sem_psh        RTX_CM3.LIB(rt_semaphore.o)
    0x00001490   0x00000024   Code   RO          632    i.rt_stk_check      RTX_CM3.LIB(rt_system.o)
    0x000014b4   0x00000028   Code   RO          461    i.rt_switch_req     RTX_CM3.LIB(rt_task.o)
    0x000014dc   0x00000154   Code   RO          462    i.rt_sys_init       RTX_CM3.LIB(rt_task.o)
    0x00001630   0x00000040   Code   RO          634    i.rt_systick        RTX_CM3.LIB(rt_system.o)
    0x00001670   0x00000040   Code   RO         1009    i.rt_tmr_tick       RTX_CM3.LIB(rt_timer.o)
    0x000016b0   0x00000090   Code   RO          463    i.rt_tsk_create     RTX_CM3.LIB(rt_task.o)
    0x00001740   0x00000030   Code   RO          465    i.rt_tsk_pass       RTX_CM3.LIB(rt_task.o)
    0x00001770   0x0000008c   Code   RO          466    i.rt_tsk_prio       RTX_CM3.LIB(rt_task.o)
    0x000017fc   0x00000010   Code   RO          467    i.rt_tsk_self       RTX_CM3.LIB(rt_task.o)
    0x0000180c   0x00000046   Code   RO          376    i.sys_UART_RxString  sys_uart.o
    0x00001852   0x0000001a   Code   RO          377    i.sys_UART_TxString  sys_uart.o
    0x0000186c   0x00000018   Code   RO          302    i.uart_TxChar       os_ex.o
    0x00001884   0x0000001a   Code   RO          303    i.uart_TxStr        os_ex.o
    0x0000189e   0x00000002   PAD
    0x000018a0   0x000000b4   Code   RO           67    i.uart_init         bord_1_m.o
    0x00001954   0x00000028   Data   RO          141    .constdata          rtx_conf_cm.o
    0x0000197c   0x00000009   Data   RO          194    .constdata          uart.o
    0x00001985   0x00000003   PAD
    0x00001988   0x00000034   Data   RO          305    .constdata          os_ex.o
    0x000019bc   0x00000020   Data   RO          378    .constdata          sys_uart.o
    0x000019dc   0x00000004   Data   RO          637    .constdata          RTX_CM3.LIB(rt_system.o)
    0x000019e0   0x00000020   Data   RO         1214    Region$$Table       anon$$obj.o


    Execution Region RW_IRAM1 (Base: 0x10000000, Size: 0x000016f8, Max: 0x00008000, ABSOLUTE)

    Base Addr    Size         Type   Attr      Idx    E Section Name        Object

    0x10000000   0x00000004   Data   RW           17    .data               system_lpc17xx.o
    0x10000004   0x00000010   Data   RW           69    .data               bord_1_m.o
    0x10000014   0x00000008   Data   RW          142    .data               rtx_conf_cm.o
    0x1000001c   0x00000005   Data   RW          195    .data               uart.o
    0x10000021   0x00000003   PAD
    0x10000024   0x00000008   Data   RW          469    .data               RTX_CM3.LIB(rt_task.o)
    0x1000002c   0x00000001   Data   RW          590    .data               RTX_CM3.LIB(hal_cm3.o)
    0x1000002d   0x00000003   PAD
    0x10000030   0x00000008   Data   RW          638    .data               RTX_CM3.LIB(rt_system.o)
    0x10000038   0x00000008   Data   RW          792    .data               RTX_CM3.LIB(rt_robin.o)
    0x10000040   0x00000004   Data   RW          978    .data               RTX_CM3.LIB(rt_time.o)
    0x10000044   0x00000008   Data   RW         1010    .data               RTX_CM3.LIB(rt_timer.o)
    0x1000004c   0x00000032   Zero   RW           68    .bss                bord_1_m.o
    0x1000007e   0x00000002   PAD
    0x10000080   0x000012cc   Zero   RW          140    .bss                rtx_conf_cm.o
    0x1000134c   0x00000038   Zero   RW          468    .bss                RTX_CM3.LIB(rt_task.o)
    0x10001384   0x00000030   Zero   RW          721    .bss                RTX_CM3.LIB(rt_list.o)
    0x100013b4   0x00000060   Zero   RW         1037    .bss                c_w.l(libspace.o)
    0x10001414   0x000000e4   Zero   RW         1043    .bss                c_w.l(rand.o)
    0x100014f8   0x00000000   Zero   RW            2    HEAP                startup_lpc17xx.o
    0x100014f8   0x00000200   Zero   RW            1    STACK               startup_lpc17xx.o


==============================================================================

Image component sizes


      Code (inc. data)   RO Data    RW Data    ZI Data      Debug   Object Name

       484        134          0         16         50       9793   bord_1_m.o
        48          0          0          0          0        938   delay.o
        72          4          0          0          0        935   gpio.o
       674        250         52          0          0       3245   os_ex.o
        70         12         40          8       4812       3429   rtx_conf_cm.o
        64         26        204          0        512        928   startup_lpc17xx.o
       432         32         32          0          0       3996   sys_uart.o
       316         14          0          4          0       5207   system_lpc17xx.o
       388         18          9          5          0      23760   uart.o

    ----------------------------------------------------------------------
      2550        490        372         36       5376      52231   Object Totals
         0          0         32          0          0          0   (incl. Generated)
         2          0          3          3          2          0   (incl. Padding)

    ----------------------------------------------------------------------

      Code (inc. data)   RO Data    RW Data    ZI Data      Debug   Library Member Name

       516         56          0          1          0       2793   hal_cm3.o
        76          4          0          0          0        613   rt_event.o
       478         40          0          0         48       4993   rt_list.o
       212          6          0          0          0        781   rt_mailbox.o
       128          0          0          0          0       1785   rt_membox.o
       332         12          0          0          0       1491   rt_mutex.o
        96         22          0          8          0       1046   rt_robin.o
        52          6          0          0          0        537   rt_semaphore.o
       266         42          4          8          0       3301   rt_system.o
       928        158          0          8         56       7896   rt_task.o
         0          0          0          4          0        174   rt_time.o
        64          8          0          8          0        631   rt_timer.o
         4          4          0          0          0        168   svc_table.o
         8          0          0          0          0         68   __main.o
         0          0          0          0          0          0   __rtentry.o
        12          0          0          0          0          0   __rtentry2.o
         6          0          0          0          0          0   __rtentry4.o
        52          8          0          0          0          0   __scatter.o
        26          0          0          0          0          0   __scatter_copy.o
        28          0          0          0          0          0   __scatter_zi.o
        18          0          0          0          0         80   exit.o
         6          0          0          0          0        152   heapauxi.o
         0          0          0          0          0          0   indicate_semi.o
         2          0          0          0          0          0   libinit.o
         6          0          0          0          0          0   libinit2.o
         2          0          0          0          0          0   libshutdown.o
         2          0          0          0          0          0   libshutdown2.o
         8          4          0          0         96         68   libspace.o
        60         14          0          0        228         92   rand.o
       100          0          0          0          0         80   rt_memcpy_w.o
         2          0          0          0          0          0   rtexit.o
        10          0          0          0          0          0   rtexit2.o
       128          0          0          0          0         68   strcmpv7m.o
        12          4          0          0          0         68   sys_exit.o
        74          0          0          0          0         80   sys_stackheap_outer.o
         2          0          0          0          0         68   use_no_semi.o

    ----------------------------------------------------------------------
      3730        388          4         40        428      27033   Library Totals
        14          0          0          3          0          0   (incl. Padding)

    ----------------------------------------------------------------------

      Code (inc. data)   RO Data    RW Data    ZI Data      Debug   Library Name

      3152        358          4         37        104      26209   RTX_CM3.LIB
       564         30          0          0        324        824   c_w.l

    ----------------------------------------------------------------------
      3730        388          4         40        428      27033   Library Totals

    ----------------------------------------------------------------------

==============================================================================


      Code (inc. data)   RO Data    RW Data    ZI Data      Debug   

      6280        878        376         76       5804      75932   Grand Totals
      6280        878        376         76       5804      75932   ELF Image Totals
      6280        878        376         76          0          0   ROM Totals

==============================================================================

    Total RO  Size (Code + RO Data)                 6656 (   6.50kB)
    Total RW  Size (RW Data + ZI Data)              5880 (   5.74kB)
    Total ROM Size (Code + RO Data + RW Data)       6732 (   6.57kB)

==============================================================================

